11:38:30 waiting (owner: money-doors-0e (asheib, OMEGA-COMPILE01) phase-a route-land tsc+build+tests+drives since 2026-10-07T10:21:13Z; queue: marketing-s14 queued for: marketing-s14 u38b-drives since 2026-10-07T10:21:52Z pid 54304)
11:39:06 waiting (owner: money-doors-0e (asheib, OMEGA-COMPILE01) phase-a route-land tsc+build+tests+drives since 2026-10-07T10:21:13Z; queue: marketing-s14 queued for: marketing-s14 u38b-drives since 2026-10-07T10:21:52Z pid 54304)
11:41:32 queued: wait note written
11:43:33 waiting (owner: marketing-s14 u38b-drives since 2026-10-07T10:21:52Z pid 54304; queue: asheib-c5 vodacom: k-chain queued since 2026-10-07T11:38:30Z)
11:44:10 waiting (owner: marketing-s14 u38b-drives since 2026-10-07T10:21:52Z pid 54304; queue: asheib-c5 vodacom: k-chain queued since 2026-10-07T11:38:30Z)
11:48:34 waiting (owner: marketing-s14 u38b-drives since 2026-10-07T10:21:52Z pid 54304; queue: asheib-c5 vodacom: k-chain queued since 2026-10-07T11:38:30Z)
11:53:35 waiting (owner: marketing-s14 u38b-drives since 2026-10-07T10:21:52Z pid 54304; queue: asheib-c5 vodacom: k-chain queued since 2026-10-07T11:38:30Z)
11:58:37 waiting (owner: marketing-s14 u38b-drives since 2026-10-07T10:21:52Z pid 54304; queue: asheib-c5 vodacom: k-chain queued since 2026-10-07T11:38:30Z)
12:03:38 waiting (owner: marketing-s14 u38b-drives since 2026-10-07T10:21:52Z pid 54304; queue: asheib-c5 vodacom: k-chain queued since 2026-10-07T11:38:30Z)
12:04:23 lock taken
12:04:24 chain start: A8j tree 0b841d07, control tree 586c5183
12:09:14 k-webkit: exit=1 — IMPLICIT SUBMIT (drive, webkit) — 14 passed, 2 failed: P1x Z 
12:13:31 k-ctl-webkit: exit=1 — IMPLICIT SUBMIT (drive, webkit) — 3 passed, 11 failed: W1 W2 K1 K2 D1 P1 P1x R1 C2 C1 Z · skipped: P2 C3 
12:15:30 k-chromium: exit=0 — IMPLICIT SUBMIT (drive, chromium) — 15 passed, 0 failed · skipped: P1x 
12:17:35 k-firefox: exit=0 — IMPLICIT SUBMIT (drive, firefox) — 15 passed, 0 failed · skipped: P1x 
12:17:35 kipindi-a8i2 now at 0b841d07 (detached)
12:19:30 k-lost: exit=0 — PASS L.1 a lost chunk leaves the page up (no critical-error screen, the shell is there) — {"crashed":false,"shellUp":true} PASS L.2 …and is reported to /api/client-error — {"clientError":1,"aborted":1} PASS L.3 …no host answers the event — accepted=false PASS L.4 …and a refused sale's ✗ result is drawn by the Sell button itself (the fallback) 
guard removed from the sell-result line (throwaway)
12:20:31 k-crash: exit=0 — PASS 0 four open tickets — {"CASHED_OUT":2,"OPEN":4} PASS C.0 the host's chunk was really aborted — {"clientError":2,"aborted":1,"bodies":["{\"message\":\"Failed to load chunk /_next/static/chunks/src_components_markets_sell-result-host_tsx_02dfdip._.js from module [project]/src/components/markets/sell-result-host.tsx [app-client] (ecmascript, next/dynamic entry, async loader)\",\"stack\":\"ChunkLoadErro","{\"message\":\"Failed to load chunk /_next/static/chunks/src_components_markets_sell-r
restore: guarded 1 stripped 0
12:20:31 kipindi-a8i2 clean after the crash control
12:20:32 free memory before the build: 11 GB
12:22:46 build: exit=0 — ✓ Compiled successfully in 43s ├ ƒ /api/client-error 
12:22:47 first-load-parts: exit=1 — C:/Program Files/Git/: NOT MEASURED (no client-reference or react-loadable manifest) C:/Program Files/Git/markets: NOT MEASURED (no client-reference or react-loadable manifest) C:/Program Files/Git/positions: NOT MEASURED (no client-reference or react-loadable manifest) C:/Program Files/Git/help: NOT MEASURED (no client-reference or react-loadable manifest) 
12:22:47 chain end
12:22:47 lock released
