03:11:53 waiting for wm13-chain.done
03:21:54 wm13-chain.done is there: exit=0
03:21:54 queued: wait note written
03:21:54 waiting (owner: asheib-c5 vodacom wm14-chain: the visual pass's final tip - typecheck, test:all with DB suites, the red twins, ~110 min since 2026-10-09T03:21:52Z; queue: asheib-c5 vodacom: wbm-chain queued since 2026-10-09T03:21:54Z)
03:26:58 waiting (owner: asheib-c5 vodacom wm14-chain: the visual pass's final tip - typecheck, test:all with DB suites, the red twins, ~110 min since 2026-10-09T03:21:52Z; queue: asheib-c5 vodacom: wbm-chain queued since 2026-10-09T03:21:54Z)
03:32:01 waiting (owner: asheib-c5 vodacom wm14-chain: the visual pass's final tip - typecheck, test:all with DB suites, the red twins, ~110 min since 2026-10-09T03:21:52Z; queue: asheib-c5 vodacom: wbm-chain queued since 2026-10-09T03:21:54Z)
03:37:04 waiting (owner: asheib-c5 vodacom wm14-chain: the visual pass's final tip - typecheck, test:all with DB suites, the red twins, ~110 min since 2026-10-09T03:21:52Z; queue: asheib-c5 vodacom: wbm-chain queued since 2026-10-09T03:21:54Z)
03:42:11 waiting (owner: asheib-c5 vodacom wm14-chain: the visual pass's final tip - typecheck, test:all with DB suites, the red twins, ~110 min since 2026-10-09T03:21:52Z; queue: asheib-c5 vodacom: wbm-chain queued since 2026-10-09T03:21:54Z)
03:47:14 waiting (owner: asheib-c5 vodacom wm14-chain: the visual pass's final tip - typecheck, test:all with DB suites, the red twins, ~110 min since 2026-10-09T03:21:52Z; queue: asheib-c5 vodacom: wbm-chain queued since 2026-10-09T03:21:54Z)
03:52:17 waiting (owner: asheib-c5 vodacom wm14-chain: the visual pass's final tip - typecheck, test:all with DB suites, the red twins, ~110 min since 2026-10-09T03:21:52Z; queue: asheib-c5 vodacom: wbm-chain queued since 2026-10-09T03:21:54Z)
03:57:20 waiting (owner: asheib-c5 vodacom wm14-chain: the visual pass's final tip - typecheck, test:all with DB suites, the red twins, ~110 min since 2026-10-09T03:21:52Z; queue: asheib-c5 vodacom: wbm-chain queued since 2026-10-09T03:21:54Z)
04:02:23 waiting (owner: asheib-c5 vodacom wm14-chain: the visual pass's final tip - typecheck, test:all with DB suites, the red twins, ~110 min since 2026-10-09T03:21:52Z; queue: asheib-c5 vodacom: wbm-chain queued since 2026-10-09T03:21:54Z)
04:07:27 waiting (owner: asheib-c5 vodacom wm14-chain: the visual pass's final tip - typecheck, test:all with DB suites, the red twins, ~110 min since 2026-10-09T03:21:52Z; queue: asheib-c5 vodacom: wbm-chain queued since 2026-10-09T03:21:54Z)
04:12:30 waiting (owner: asheib-c5 vodacom wm14-chain: the visual pass's final tip - typecheck, test:all with DB suites, the red twins, ~110 min since 2026-10-09T03:21:52Z; queue: asheib-c5 vodacom: wbm-chain queued since 2026-10-09T03:21:54Z)
04:17:33 waiting (owner: asheib-c5 vodacom wm14-chain: the visual pass's final tip - typecheck, test:all with DB suites, the red twins, ~110 min since 2026-10-09T03:21:52Z; queue: asheib-c5 vodacom: wbm-chain queued since 2026-10-09T03:21:54Z)
04:22:36 waiting (owner: asheib-c5 vodacom wm14-chain: the visual pass's final tip - typecheck, test:all with DB suites, the red twins, ~110 min since 2026-10-09T03:21:52Z; queue: asheib-c5 vodacom: wbm-chain queued since 2026-10-09T03:21:54Z)
04:27:39 waiting (owner: asheib-c5 vodacom wm14-chain: the visual pass's final tip - typecheck, test:all with DB suites, the red twins, ~110 min since 2026-10-09T03:21:52Z; queue: asheib-c5 vodacom: wbm-chain queued since 2026-10-09T03:21:54Z)
04:32:42 waiting (owner: asheib-c5 vodacom wm15-chain: the visual pass's final tip in a browser - classic parity (new baseline at main), header fit, seals, needle-rest, bar geometry, preview, qa:live, round 5's tiles, ~130 mi; queue: asheib-c5 vodacom: wbm-chain queued since 2026-10-09T03:21:54Z)
04:37:46 waiting (owner: asheib-c5 vodacom wm15-chain: the visual pass's final tip in a browser - classic parity (new baseline at main), header fit, seals, needle-rest, bar geometry, preview, qa:live, round 5's tiles, ~130 mi; queue: asheib-c5 vodacom: wbm-chain queued since 2026-10-09T03:21:54Z)
04:42:49 waiting (owner: asheib-c5 vodacom wm15-chain: the visual pass's final tip in a browser - classic parity (new baseline at main), header fit, seals, needle-rest, bar geometry, preview, qa:live, round 5's tiles, ~130 mi; queue: asheib-c5 vodacom: wbm-chain queued since 2026-10-09T03:21:54Z)
04:47:52 waiting (owner: asheib-c5 vodacom wm15-chain: the visual pass's final tip in a browser - classic parity (new baseline at main), header fit, seals, needle-rest, bar geometry, preview, qa:live, round 5's tiles, ~130 mi; queue: asheib-c5 vodacom: wbm-chain queued since 2026-10-09T03:21:54Z)
04:52:55 waiting (owner: asheib-c5 vodacom wm15-chain: the visual pass's final tip in a browser - classic parity (new baseline at main), header fit, seals, needle-rest, bar geometry, preview, qa:live, round 5's tiles, ~130 mi; queue: asheib-c5 vodacom: wbm-chain queued since 2026-10-09T03:21:54Z)
04:57:59 waiting (owner: asheib-c5 vodacom wm15-chain: the visual pass's final tip in a browser - classic parity (new baseline at main), header fit, seals, needle-rest, bar geometry, preview, qa:live, round 5's tiles, ~130 mi; queue: asheib-c5 vodacom: wbm-chain queued since 2026-10-09T03:21:54Z)
05:03:02 waiting (owner: asheib-c5 vodacom wm15-chain: the visual pass's final tip in a browser - classic parity (new baseline at main), header fit, seals, needle-rest, bar geometry, preview, qa:live, round 5's tiles, ~130 mi; queue: asheib-c5 vodacom: wbm-chain queued since 2026-10-09T03:21:54Z)
05:08:05 waiting (owner: asheib-c5 vodacom wm15-chain: the visual pass's final tip in a browser - classic parity (new baseline at main), header fit, seals, needle-rest, bar geometry, preview, qa:live, round 5's tiles, ~130 mi; queue: asheib-c5 vodacom: wbm-chain queued since 2026-10-09T03:21:54Z)
05:13:08 waiting (owner: asheib-c5 vodacom wm15-chain: the visual pass's final tip in a browser - classic parity (new baseline at main), header fit, seals, needle-rest, bar geometry, preview, qa:live, round 5's tiles, ~130 mi; queue: asheib-c5 vodacom: wbm-chain queued since 2026-10-09T03:21:54Z)
05:18:12 waiting (owner: asheib-c5 vodacom wm15-chain: the visual pass's final tip in a browser - classic parity (new baseline at main), header fit, seals, needle-rest, bar geometry, preview, qa:live, round 5's tiles, ~130 mi; queue: asheib-c5 vodacom: wbm-chain queued since 2026-10-09T03:21:54Z)
05:23:15 waiting (owner: asheib-c5 vodacom wm15-chain: the visual pass's final tip in a browser - classic parity (new baseline at main), header fit, seals, needle-rest, bar geometry, preview, qa:live, round 5's tiles, ~130 mi; queue: asheib-c5 vodacom: wbm-chain queued since 2026-10-09T03:21:54Z)
05:28:18 waiting (owner: asheib-c5 vodacom wm15-chain: the visual pass's final tip in a browser - classic parity (new baseline at main), header fit, seals, needle-rest, bar geometry, preview, qa:live, round 5's tiles, ~130 mi; queue: asheib-c5 vodacom: wbm-chain queued since 2026-10-09T03:21:54Z)
05:33:22 waiting (owner: asheib-c5 vodacom wm15-chain: the visual pass's final tip in a browser - classic parity (new baseline at main), header fit, seals, needle-rest, bar geometry, preview, qa:live, round 5's tiles, ~130 mi; queue: asheib-c5 vodacom: wbm-chain queued since 2026-10-09T03:21:54Z)
05:38:25 waiting (owner: asheib-c5 vodacom wm15-chain: the visual pass's final tip in a browser - classic parity (new baseline at main), header fit, seals, needle-rest, bar geometry, preview, qa:live, round 5's tiles, ~130 mi; queue: asheib-c5 vodacom: wbm-chain queued since 2026-10-09T03:21:54Z)
05:43:28 waiting (owner: asheib-c5 vodacom wm15-chain: the visual pass's final tip in a browser - classic parity (new baseline at main), header fit, seals, needle-rest, bar geometry, preview, qa:live, round 5's tiles, ~130 mi; queue: asheib-c5 vodacom: wbm-chain queued since 2026-10-09T03:21:54Z)
05:48:32 waiting (owner: asheib-c5 vodacom wm15-chain: the visual pass's final tip in a browser - classic parity (new baseline at main), header fit, seals, needle-rest, bar geometry, preview, qa:live, round 5's tiles, ~130 mi; queue: asheib-c5 vodacom: wbm-chain queued since 2026-10-09T03:21:54Z)
05:53:47 waiting (owner: asheib-c5 vodacom wm15-chain: the visual pass's final tip in a browser - classic parity (new baseline at main), header fit, seals, needle-rest, bar geometry, preview, qa:live, round 5's tiles, ~130 mi; queue: asheib-c5 vodacom: wbm-chain queued since 2026-10-09T03:21:54Z)
05:58:50 waiting (owner: asheib-c5 vodacom wm15-chain: the visual pass's final tip in a browser - classic parity (new baseline at main), header fit, seals, needle-rest, bar geometry, preview, qa:live, round 5's tiles, ~130 mi; queue: asheib-c5 vodacom: wbm-chain queued since 2026-10-09T03:21:54Z)
06:03:53 waiting (owner: asheib-c5 vodacom wm15-chain: the visual pass's final tip in a browser - classic parity (new baseline at main), header fit, seals, needle-rest, bar geometry, preview, qa:live, round 5's tiles, ~130 mi; queue: asheib-c5 vodacom: wbm-chain queued since 2026-10-09T03:21:54Z)
06:08:56 waiting (owner: asheib-c5 vodacom wm15-chain: the visual pass's final tip in a browser - classic parity (new baseline at main), header fit, seals, needle-rest, bar geometry, preview, qa:live, round 5's tiles, ~130 mi; queue: asheib-c5 vodacom: wbm-chain queued since 2026-10-09T03:21:54Z)
06:13:59 waiting (owner: asheib-c5 vodacom wm15-chain: the visual pass's final tip in a browser - classic parity (new baseline at main), header fit, seals, needle-rest, bar geometry, preview, qa:live, round 5's tiles, ~130 mi; queue: asheib-c5 vodacom: wbm-chain queued since 2026-10-09T03:21:54Z)
06:19:02 waiting (owner: asheib-c5 vodacom wm15-chain: the visual pass's final tip in a browser - classic parity (new baseline at main), header fit, seals, needle-rest, bar geometry, preview, qa:live, round 5's tiles, ~130 mi; queue: asheib-c5 vodacom: wbm-chain queued since 2026-10-09T03:21:54Z)
06:24:05 waiting (owner: asheib-c5 vodacom wm15-chain: the visual pass's final tip in a browser - classic parity (new baseline at main), header fit, seals, needle-rest, bar geometry, preview, qa:live, round 5's tiles, ~130 mi; queue: asheib-c5 vodacom: wbm-chain queued since 2026-10-09T03:21:54Z)
06:29:08 waiting (owner: asheib-c5 vodacom wm15-chain: the visual pass's final tip in a browser - classic parity (new baseline at main), header fit, seals, needle-rest, bar geometry, preview, qa:live, round 5's tiles, ~130 mi; queue: asheib-c5 vodacom: wbm-chain queued since 2026-10-09T03:21:54Z)
06:34:11 waiting (owner: asheib-c5 vodacom wm15-chain: the visual pass's final tip in a browser - classic parity (new baseline at main), header fit, seals, needle-rest, bar geometry, preview, qa:live, round 5's tiles, ~130 mi; queue: asheib-c5 vodacom: wbm-chain queued since 2026-10-09T03:21:54Z)
06:39:14 waiting (owner: asheib-c5 vodacom wm15-chain: the visual pass's final tip in a browser - classic parity (new baseline at main), header fit, seals, needle-rest, bar geometry, preview, qa:live, round 5's tiles, ~130 mi; queue: asheib-c5 vodacom: wbm-chain queued since 2026-10-09T03:21:54Z)
06:44:17 waiting (owner: asheib-c5 vodacom wm15-chain: the visual pass's final tip in a browser - classic parity (new baseline at main), header fit, seals, needle-rest, bar geometry, preview, qa:live, round 5's tiles, ~130 mi; queue: asheib-c5 vodacom: wbm-chain queued since 2026-10-09T03:21:54Z)
06:49:21 waiting (owner: asheib-c5 vodacom wm15-chain: the visual pass's final tip in a browser - classic parity (new baseline at main), header fit, seals, needle-rest, bar geometry, preview, qa:live, round 5's tiles, ~130 mi; queue: asheib-c5 vodacom: wbm-chain queued since 2026-10-09T03:21:54Z)
06:54:24 waiting (owner: asheib-c5 vodacom wm15-chain: the visual pass's final tip in a browser - classic parity (new baseline at main), header fit, seals, needle-rest, bar geometry, preview, qa:live, round 5's tiles, ~130 mi; queue: asheib-c5 vodacom: wbm-chain queued since 2026-10-09T03:21:54Z)
06:59:27 waiting (owner: asheib-c5 vodacom wm15-chain: the visual pass's final tip in a browser - classic parity (new baseline at main), header fit, seals, needle-rest, bar geometry, preview, qa:live, round 5's tiles, ~130 mi; queue: asheib-c5 vodacom: wbm-chain queued since 2026-10-09T03:21:54Z)
07:04:31 waiting (owner: asheib-c5 vodacom wm15-chain: the visual pass's final tip in a browser - classic parity (new baseline at main), header fit, seals, needle-rest, bar geometry, preview, qa:live, round 5's tiles, ~130 mi; queue: asheib-c5 vodacom: wbm-chain queued since 2026-10-09T03:21:54Z)
07:06:17 queue place yielded to marketing-s14
07:09:34 waiting (owner: asheib-c5 vodacom wm15-chain: the visual pass's final tip in a browser - classic parity (new baseline at main), header fit, seals, needle-rest, bar geometry, preview, qa:live, round 5's tiles, ~130 mi; queue: marketing-s14 queued for: marketing-s14 step54-final2 since 2026-10-09T07:06:09Z pid 463937 (place given by asheib-4a for asheib-c5's wbm, 07:15Z))
07:14:36 waiting (owner: asheib-c5 vodacom wm15-chain: the visual pass's final tip in a browser - classic parity (new baseline at main), header fit, seals, needle-rest, bar geometry, preview, qa:live, round 5's tiles, ~130 mi; queue: marketing-s14 queued for: marketing-s14 step54-final2 since 2026-10-09T07:06:09Z pid 463937 (place given by asheib-4a for asheib-c5's wbm, 07:15Z))
07:19:38 waiting (owner: asheib-c5 vodacom wm15-chain: the visual pass's final tip in a browser - classic parity (new baseline at main), header fit, seals, needle-rest, bar geometry, preview, qa:live, round 5's tiles, ~130 mi; queue: marketing-s14 queued for: marketing-s14 step54-final2 since 2026-10-09T07:06:09Z pid 463937 (place given by asheib-4a for asheib-c5's wbm, 07:15Z))
07:24:40 waiting (owner: asheib-c5 vodacom wm15-chain: the visual pass's final tip in a browser - classic parity (new baseline at main), header fit, seals, needle-rest, bar geometry, preview, qa:live, round 5's tiles, ~130 mi; queue: marketing-s14 queued for: marketing-s14 step54-final2 since 2026-10-09T07:06:09Z pid 463937 (place given by asheib-4a for asheib-c5's wbm, 07:15Z))
07:29:43 waiting (owner: asheib-c5 vodacom wm15-chain: the visual pass's final tip in a browser - classic parity (new baseline at main), header fit, seals, needle-rest, bar geometry, preview, qa:live, round 5's tiles, ~130 mi; queue: marketing-s14 queued for: marketing-s14 step54-final2 since 2026-10-09T07:06:09Z pid 463937 (place given by asheib-4a for asheib-c5's wbm, 07:15Z))
07:34:45 waiting (owner: asheib-c5 vodacom wm15-chain: the visual pass's final tip in a browser - classic parity (new baseline at main), header fit, seals, needle-rest, bar geometry, preview, qa:live, round 5's tiles, ~130 mi; queue: marketing-s14 queued for: marketing-s14 step54-final2 since 2026-10-09T07:06:09Z pid 463937 (place given by asheib-4a for asheib-c5's wbm, 07:15Z))
07:39:47 waiting (owner: asheib-c5 vodacom wm15-chain: the visual pass's final tip in a browser - classic parity (new baseline at main), header fit, seals, needle-rest, bar geometry, preview, qa:live, round 5's tiles, ~130 mi; queue: marketing-s14 queued for: marketing-s14 step54-final2 since 2026-10-09T07:06:09Z pid 463937 (place given by asheib-4a for asheib-c5's wbm, 07:15Z))
07:44:51 waiting (owner: asheib-c5 vodacom wm15-chain: the visual pass's final tip in a browser - classic parity (new baseline at main), header fit, seals, needle-rest, bar geometry, preview, qa:live, round 5's tiles, ~130 mi; queue: marketing-s14 queued for: marketing-s14 step54-final2 since 2026-10-09T07:06:09Z pid 463937 (place given by asheib-4a for asheib-c5's wbm, 07:15Z))
07:50:06 waiting (owner: asheib-c5 vodacom wm15-chain: the visual pass's final tip in a browser - classic parity (new baseline at main), header fit, seals, needle-rest, bar geometry, preview, qa:live, round 5's tiles, ~130 mi; queue: marketing-s14 queued for: marketing-s14 step54-final2 since 2026-10-09T07:06:09Z pid 463937 (place given by asheib-4a for asheib-c5's wbm, 07:15Z))
07:55:08 waiting (owner: asheib-c5 vodacom wm15-chain: the visual pass's final tip in a browser - classic parity (new baseline at main), header fit, seals, needle-rest, bar geometry, preview, qa:live, round 5's tiles, ~130 mi; queue: marketing-s14 queued for: marketing-s14 step54-final2 since 2026-10-09T07:06:09Z pid 463937 (place given by asheib-4a for asheib-c5's wbm, 07:15Z))
08:00:10 waiting (owner: marketing-s14 step54-final2 since 2026-10-09T07:06:03Z pid 463946; queue: marketing-s14 queued for: marketing-s14 step54-final2 since 2026-10-09T07:47:23Z pid 473506)
08:05:13 waiting (owner: marketing-s14 step54-final2 since 2026-10-09T07:06:03Z pid 463946; queue: marketing-s14 queued for: marketing-s14 step54-final2 since 2026-10-09T07:47:23Z pid 473506)
08:10:16 waiting (owner: marketing-s14 step54-final2 since 2026-10-09T07:06:03Z pid 463946; queue: marketing-s14 queued for: marketing-s14 step54-final2 since 2026-10-09T07:47:23Z pid 473506)
08:11:16 queued: wait note written
08:15:04 lock taken
08:15:59 kipindi-a8i2 at a6331ca19 (main, the base) · prisma generate exit=0
08:42:54 wbm-bar: exit=1 · tree same —   ✗ /watchlist zh 1280: NO [data-filter-rail]   ✗ /fairness zh 1280: NO [data-filter-rail]   ✗ /positions/performance zh 1280: NO [data-filter-rail] 
08:42:54 chain end
08:42:54 lock released
