
────────────────────────────────────────────────────────────────
  test:all — 506 suite(s) + typecheck · 8 job(s)
────────────────────────────────────────────────────────────────
  [32mPASS[0m  typecheck                  5.4s
  [32mPASS[0m  test:date                  1.2s
  [32mPASS[0m  test:timer-date            1.6s
  [32mPASS[0m  test:time                  1.2s
  [32mPASS[0m  test:numeric               1.8s
  [32mPASS[0m  test:audit                 1.4s
  [32mPASS[0m  test:audit-gap             2.0s
  [31mFAIL[0m  test:audit-drain           5.5s
[90m        │   ok   4.7 · and it waited the whole budget before giving up
        │   ok   4.8 · the loss is LOUD and NAMED — the block appears on stderr with the abandoned count, because a dying process has no other channel
        │   ok   4.9 · and the report says so in data, not only in prose
        │          [child plain-exit] +1ms drain installed=true budget=5000ms
        │          [child plain-exit] +1ms second install returned false
        │          [child plain-exit] +1ms calling process.exit(7) with NO signal — must be immediate
        │   ok   4.10 · PLANTED CONTROL — with the drain installed but NO signal, process.exit(7) is immediate and keeps its code: the wrapper must not change ordinary exit semantics
        │          [child throwing] +1ms drain installed=true budget=5000ms
        │          [child throwing] +1ms second install returned false
        │          [child throwing] +1ms queue seeded: 10 append(s) at 20ms each
        │          [child throwing] +22ms Next cleanup finished — calling process.exit(143)
        │          [child throwing] +23ms process.exit returned (deferred) — no further cleanup work follows, as in the real source
        │   ok   4.12 · PLANTED CONTROL — a flush that THROWS still exits 143, promptly: the deferred exit is taken in a `finally`, so a throw inside the drain can never become a hang on deploy
        │   ok   4.13 · and it says so rather than dying quietly
        │          [child sigint] +1ms drain installed=true budget=5000ms
        │          [child sigint] +1ms second install returned false
        │          [child sigint] +1ms queue seeded: 10 append(s) at 20ms each
        │          [child sigint] +23ms Next cleanup finished — calling process.exit(130)
        │          [child sigint] +24ms process.exit returned (deferred) — no further cleanup work follows, as in the real source
        │   ok   4.11 · SIGINT drains too, and exits 130 — the drain must not collapse every shutdown onto one code
        │ 
        │ ──────────────────────────────────────────────────────────────────────────────
        │   audit-drain: 41 passed, 1 failed, 42 assertion(s) emitted
        │   controls among them: 13
        │ ──────────────────────────────────────────────────────────────────────────────[0m
  [32mPASS[0m  test:wallet                1.8s
  [32mPASS[0m  test:loss-limit            8.6s
  [32mPASS[0m  test:late-bet              8.3s
  [32mPASS[0m  test:payments              24.6s
  [32mPASS[0m  test:recategorise          8.0s
  [32mPASS[0m  test:live-target-safe      4.8s
  [32mPASS[0m  test:client-graph-safe     0.8s
  [32mPASS[0m  test:report-note-truth     0.8s
  [32mPASS[0m  test:report-formats        0.8s
  [32mPASS[0m  test:read-tiers            2.1s
  [32mPASS[0m  test:player-page-reads     1.0s
  [32mPASS[0m  test:admin-overview-feed   1.1s
  [32mPASS[0m  test:chain-removal         4.5s
  [32mPASS[0m  test:cashback-hidden       1.6s
  [32mPASS[0m  test:cashback              6.8s
  [32mPASS[0m  test:email-stress          1.8s
  [32mPASS[0m  test:cashout               3.1s
  [32mPASS[0m  test:cashout-lock          1.9s
  [32mPASS[0m  test:sell-grace-truth      5.5s
  [32mPASS[0m  test:sell-price-guard      3.7s
  [32mPASS[0m  test:enter-where-pressed   1.6s
  [32mPASS[0m  test:implicit-submit       3.3s
  [32mPASS[0m  test:cashout-price-guard   237.7s
  [32mPASS[0m  test:money-invariants      2.1s
  [32mPASS[0m  test:levy-allocation       1.2s
  [32mPASS[0m  test:lock-tx-threading     1.2s
  [32mPASS[0m  test:payout-callback-identity 1.3s
  [32mPASS[0m  test:aml-dispatch-window   1.3s
  [32mPASS[0m  test:config-hydration-gate 1.3s
  [32mPASS[0m  test:fee-model             2.3s
  [32mPASS[0m  test:loser-share-fee       2.2s
  [32mPASS[0m  test:charged-fee           2.4s
  [32mPASS[0m  test:withdrawal            6.7s
  [32mPASS[0m  test:settlement-gate       2.7s
  [32mPASS[0m  test:concurrency           3.7s
  [32mPASS[0m  test:bet-admission         1.5s
  [32mPASS[0m  test:money-busy            2.1s
  [32mPASS[0m  test:bet-retry             2.4s
  [32mPASS[0m  test:redis-failopen        6.3s
  [32mPASS[0m  test:rg-race               3.3s
  [32mPASS[0m  test:rg-doors              2.1s
  [32mPASS[0m  test:rg-email-end          1.4s
  [32mPASS[0m  test:rg-cash-incentive     1.5s
  [32mPASS[0m  test:withdrawn-features    3.7s
  [32mPASS[0m  test:dal-parity            3.7s
  [32mPASS[0m  test:marketing-consent-ledger 2.0s
  [32mPASS[0m  test:marketing-consent     3.5s
  [32mPASS[0m  test:marketing-wordings    2.1s
  [32mPASS[0m  test:marketing-settings    9.3s
  [32mPASS[0m  test:marketing-owner-save  2.7s
  [32mPASS[0m  test:marketing-preflight   9.2s
  [32mPASS[0m  test:marketing-window      8.3s
  [32mPASS[0m  test:registration-contact  4.0s
  [32mPASS[0m  test:marketing-optout      2.0s
  [32mPASS[0m  test:house-bot-rules       21.1s
  [32mPASS[0m  test:house-bot-seam        2.6s
  [32mPASS[0m  test:agent-policy          1.5s
  [32mPASS[0m  test:player-invite-unpaid  2.9s
  [32mPASS[0m  test:invite-payable-db     2.0s
  [32mPASS[0m  test:programme-isolation   1.7s
  [32mPASS[0m  test:attribution-provenance 1.8s
  [32mPASS[0m  test:no-double-pay         1.9s
  [32mPASS[0m  test:agent-clawback        2.0s
  [32mPASS[0m  test:commission-bounded    2.0s
  [32mPASS[0m  test:agent-eligibility     1.9s
  [32mPASS[0m  test:agent-application-security 2.6s
  [32mPASS[0m  test:webhook-sec           5.6s
  [32mPASS[0m  test:lock-hash             1.6s
  [32mPASS[0m  test:contrast              2.3s
  [32mPASS[0m  test:tokens                1.2s
  [32mPASS[0m  test:css-vars-defined      2.6s
  [32mPASS[0m  test:chat-availability     1.2s
  [32mPASS[0m  test:chat-safety           1.2s
  [32mPASS[0m  test:ui-consistency        2.5s
  [32mPASS[0m  test:type-scale            2.5s
  [32mPASS[0m  test:needle                7.3s
  [32mPASS[0m  test:needle-host           1.3s
  [32mPASS[0m  test:integrity             4.8s
  [32mPASS[0m  test:maintenance           2.1s
  [32mPASS[0m  test:emergency             2.4s
  [32mPASS[0m  test:product-line          2.0s
  [32mPASS[0m  test:updown-config         2.1s
  [32mPASS[0m  test:admin-nav             1.4s
  [32mPASS[0m  test:admin-clip            1.1s
  [32mPASS[0m  test:control-gates         1.6s
  [32mPASS[0m  test:updown-engine         2.6s
  [32mPASS[0m  test:updown-adversarial    2.7s
  [32mPASS[0m  test:updown-reporting      2.7s
  [32mPASS[0m  test:pii-logs              3.6s
  [32mPASS[0m  test:dsar-secrets          2.4s
  [32mPASS[0m  test:retention             2.6s
  [32mPASS[0m  test:erasure               6.9s
  [32mPASS[0m  test:dsar-intake           2.6s
  [32mPASS[0m  test:dead-schema           2.5s
  [32mPASS[0m  test:migration-ownership   1.3s
  [32mPASS[0m  test:rg-policy             1.5s
  [32mPASS[0m  test:house-book            1.4s
  [32mPASS[0m  test:tax-report            47.0s
  [32mPASS[0m  test:tax-report-page       1.3s
  [32mPASS[0m  test:house-page            1.5s
  [32mPASS[0m  test:updown-quickbet       2.5s
  [32mPASS[0m  test:updown-heal           2.5s
  [32mPASS[0m  test:updown-rearm          2.2s
  [32mPASS[0m  test:updown-tick-cadence   4.6s
  [32mPASS[0m  test:updown-hedge-quote    2.4s
  [32mPASS[0m  test:updown-load           2.3s
  [32mPASS[0m  test:updown-feed           2.0s
  [32mPASS[0m  test:updown-source         1.3s
  [32mPASS[0m  test:date-range            1.9s
  [32mPASS[0m  test:markets               2.3s
  [32mPASS[0m  test:selection-closed      2.3s
  [32mPASS[0m  test:config                2.1s
  [32mPASS[0m  test:config-audit-diff     1.4s
  [32mPASS[0m  test:terms-cancellation    1.6s
  [32mPASS[0m  test:agent-fee-copy        2.0s
  [32mPASS[0m  test:agent-fee-wallet      2.1s
  [32mPASS[0m  test:agent-fee-wallet-path 2.1s
  [32mPASS[0m  test:agent-fee-officer-panel 1.4s
  [32mPASS[0m  test:agent-terms-binding   1.3s
  [32mPASS[0m  test:terms-binding         1.2s
  [32mPASS[0m  test:privacy-notice        2.6s
  [32mPASS[0m  test:policy-lines          2.1s
  [32mPASS[0m  test:licence-outreach      1.3s
  [32mPASS[0m  test:contacts-lists        2.2s
  [32mPASS[0m  test:google-tag            1.2s
  [32mPASS[0m  test:site-visits           1.3s
  [32mPASS[0m  test:close-account-phrase  1.6s
  [32mPASS[0m  test:betting-ink           1.7s
  [32mPASS[0m  test:kyc-step-guards       5.6s
  [32mPASS[0m  test:refused-funds-p1      6.5s
  [32mPASS[0m  test:kyc-gate-state-table  1.1s
  [32mPASS[0m  test:wallet-status-writers 1.5s
  [32mPASS[0m  test:agent-fee-legacy-rail 1.1s
  [32mPASS[0m  test:agent-waterfall       1.4s
  [32mPASS[0m  test:guards-exist          18.6s
  [32mPASS[0m  test:define-config-gate    0.9s
  [32mPASS[0m  test:house-solvency        0.9s
  [32mPASS[0m  test:ai-usage              1.2s
  [32mPASS[0m  test:ai-budget             2.5s
  [32mPASS[0m  test:ai-cycles             1.0s
  [32mPASS[0m  test:ai-polls              5.5s
  [32mPASS[0m  test:ai-source-allowlist   1.4s
  [32mPASS[0m  test:ai-coordination       1.5s
  [32mPASS[0m  test:controlled-guards     1.5s
  [32mPASS[0m  test:lifecycle-e2e         1.9s
  [32mPASS[0m  test:sentinel-guards       1.6s
  [32mPASS[0m  test:i18n                  1.1s
  [32mPASS[0m  test:source-bytes          1.9s
  [32mPASS[0m  test:lipa-qr               14.9s
  [32mPASS[0m  test:operator-error        1.7s
  [32mPASS[0m  test:labels                4.4s
  [32mPASS[0m  test:red-anchors           2.8s
  [32mPASS[0m  test:red-engine-floor      1.0s
  [32mPASS[0m  test:trilingual            2.6s
  [32mPASS[0m  test:duration              1.7s
  [32mPASS[0m  test:mixed-flow            2.1s
  [32mPASS[0m  test:bonus                 1.5s
  [32mPASS[0m  test:bonus-restitution     1.5s
  [32mPASS[0m  test:bonus-betting         1.8s
  [32mPASS[0m  test:bonus-stress          1.5s
  [32mPASS[0m  test:bonus-relock          1.4s
  [32mPASS[0m  test:referral              1.8s
  [32mPASS[0m  test:invites               1.5s
  [32mPASS[0m  test:invite-flow           1.8s
  [32mPASS[0m  test:scheduler             2.5s
  [32mPASS[0m  test:ai-controls           1.6s
  [32mPASS[0m  test:admin-roles           0.9s
  [32mPASS[0m  test:rbac                  1.6s
  [32mPASS[0m  test:contacts-page         2.2s
  [32mPASS[0m  test:contacts-form         2.2s
  [32mPASS[0m  test:contacts-bulk         2.1s
  [32mPASS[0m  test:contacts-export       2.8s
  [32mPASS[0m  test:contacts-staging      2.5s
  [32mPASS[0m  test:contacts-import-db    134.3s
  [32mPASS[0m  test:contacts-staging-db   87.1s
  [32mPASS[0m  test:contacts-audience     3.3s
  [32mPASS[0m  test:contacts-import       36.3s
  [32mPASS[0m  test:contacts-boundary     2.0s
  [32mPASS[0m  test:campaign-models       4.2s
  [32mPASS[0m  test:campaigns-page        2.4s
  [32mPASS[0m  test:campaign-estimate     2.1s
  [32mPASS[0m  test:campaign-confirm      1.2s
  [32mPASS[0m  test:campaign-gates        5.5s
  [32mPASS[0m  test:marketing-engine      6.6s
  [32mPASS[0m  test:campaign-visuals      6.0s
  [32mPASS[0m  test:marketing-dry-fire    20.8s
  [32mPASS[0m  test:campaign-audience     2.8s
  [32mPASS[0m  test:staff-role            1.0s
  [32mPASS[0m  test:ledger                0.9s
  [32mPASS[0m  test:trial-balance         0.9s
  [32mPASS[0m  test:payout-alloc          0.8s
  [32mPASS[0m  test:admin-money-ops       1.8s
  [32mPASS[0m  test:officer-conflict      1.8s
  [32mPASS[0m  test:two-admin             1.8s
  [32mPASS[0m  test:selcom                0.9s
  [32mPASS[0m  test:payment-control       5.5s
  [32mPASS[0m  test:activity              1.7s
  [32mPASS[0m  test:2fa                   2.0s
  [32mPASS[0m  test:totp-enc              0.9s
  [32mPASS[0m  test:watchlist             1.9s
  [32mPASS[0m  test:push                  2.1s
  [32mPASS[0m  test:win-share             2.0s
  [32mPASS[0m  test:insights              1.3s
  [32mPASS[0m  test:events                2.1s
  [32mPASS[0m  test:killswitch            6.6s
  [32mPASS[0m  test:fast-payout           1.8s
  [32mPASS[0m  test:monitoring            1.2s
  [32mPASS[0m  test:alerting              114.2s
  [32mPASS[0m  test:multi-container       1.1s
  [32mPASS[0m  test:report-cells          6.1s
  [32mPASS[0m  test:brand-assets          1.5s
  [32mPASS[0m  test:finance-window        1.5s
  [32mPASS[0m  test:report-parity         1.7s
  [32mPASS[0m  test:report-window-reads   1.6s
  [32mPASS[0m  test:report-window-truth   2.9s
  [32mPASS[0m  test:payout-observability  1.0s
  [32mPASS[0m  test:payout-rails          1.1s
  [32mPASS[0m  test:proposals             2.0s
  [32mPASS[0m  test:proposals-state       1.6s
  [32mPASS[0m  test:proposal-close        2.0s
  [32mPASS[0m  test:kyc                   21.7s
  [32mPASS[0m  test:backup                12.7s
  [32mPASS[0m  test:txn-search            1.2s
  [32mPASS[0m  test:float-guard           2.1s
  [32mPASS[0m  test:card-deposit          1.1s
  [32mPASS[0m  test:card-return-order     2.1s
  [32mPASS[0m  test:static-cache-scope    1.1s
  [32mPASS[0m  test:proxy-scope           1.6s
  [32mPASS[0m  test:deposit-gate          39.7s
  [32mPASS[0m  test:kyc-gate              39.5s
  [32mPASS[0m  test:withdraw-email-gate   9.9s
  [32mPASS[0m  test:wallet-receipts       1.4s
  [32mPASS[0m  test:money-minimums        3.3s
  [32mPASS[0m  test:kyc-stage             1.1s
  [32mPASS[0m  test:deploy-skew           0.9s
  [31mFAIL[0m  test:revoked-deadend       49.8s
[90m        │ > fiftypick@0.1.0 test:revoked-deadend
        │ > node scripts/revoked-deadend.test.mjs
        │ 
        │ 
        │ [revoked-deadend] §1 a displaced session must still see a page
        │ node:internal/modules/run_main:107
        │     triggerUncaughtException(
        │     ^
        │ 
        │ page.goto: net::ERR_CONNECTION_REFUSED at http://localhost:3009/auth/demo
        │ Call log:
        │   - navigating to "http://localhost:3009/auth/demo", waiting until "domcontentloaded"
        │ 
        │     at F:\kipindi-a8i2-ctl\scripts\revoked-deadend.test.mjs:95:9 {
        │   name: 'Error'
        │ }
        │ 
        │ Node.js v24.19.0[0m
  [32mPASS[0m  test:session-registry      1.1s
  [32mPASS[0m  test:rg-limit-change       1.5s
  [31mFAIL[0m  test:admin-section-gate    48.7s
[90m        │ > node scripts/admin-section-gate.test.mjs
        │ 
        │ 
        │ [admin-section-gate] §0 every console page sits under AdminSectionGate
        │   ✓ §0 ratchet · 63 console pages found
        │   ✓ §0 every page is gated where a navigation re-runs the gate
        │   ✓ §0b W25 · every page carries its OWN gate, because a flight can skip every layout above it
        │   ✓ §0b′ W25 · the gate is the page's whole returned body, not a word in the file
        │   ✓ §0b′ CONTROL · every inert-gate spelling is REFUSED, and the canonical one is ACCEPTED
        │   ✓ §0b CONTROL · §0b actually inspected pages (it is not vacuous)
        │   ✓ §0c W25 · no admin page reads a record inside generateMetadata (it runs outside every gate)
        │   ✓ §0 the root admin layout no longer decides view/act (it is frozen across soft navigations)
        │ node:internal/modules/run_main:107
        │     triggerUncaughtException(
        │     ^
        │ 
        │ page.goto: net::ERR_CONNECTION_REFUSED at http://localhost:3009/auth/demo?kyc=pending
        │ Call log:
        │   - navigating to "http://localhost:3009/auth/demo?kyc=pending", waiting until "domcontentloaded"
        │ 
        │     at F:\kipindi-a8i2-ctl\scripts\admin-section-gate.test.mjs:164:10 {
        │   name: 'Error'
        │ }
        │ 
        │ Node.js v24.19.0[0m
  [31mFAIL[0m  test:needle-rest           48.7s
[90m        │ > fiftypick@0.1.0 test:needle-rest
        │ > node scripts/needle-rest.test.mjs
        │ 
        │ 
        │ [needle-rest] §1 the glide, frame by frame (360×740)
        │ node:internal/modules/run_main:107
        │     triggerUncaughtException(
        │     ^
        │ 
        │ page.goto: net::ERR_CONNECTION_REFUSED at http://localhost:3009/auth/demo
        │ Call log:
        │   - navigating to "http://localhost:3009/auth/demo", waiting until "domcontentloaded"
        │ 
        │     at openNeedlePage (F:\kipindi-a8i2-ctl\scripts\needle-rest.test.mjs:175:14)
        │     at async file:///F:/kipindi-a8i2-ctl/scripts/needle-rest.test.mjs:202:25 {
        │   name: 'Error'
        │ }
        │ 
        │ Node.js v24.19.0[0m
  [32mPASS[0m  test:kyc-restart-docs      100.1s
  [32mPASS[0m  test:house-bot-migrations  195.2s
  [32mPASS[0m  test:house-bot-money       239.0s
  [32mPASS[0m  test:house-bot-caps        150.0s
  [32mPASS[0m  test:house-bot-designation 103.2s
  [32mPASS[0m  test:house-bot-engine      234.3s
  [32mPASS[0m  test:house-bot-comms       88.9s
  [32mPASS[0m  test:house-bot-holder-lifecycle 2.8s
  [32mPASS[0m  test:house-bot-info-edge   87.3s
  [32mPASS[0m  test:house-bot-reports     162.3s
  [31mFAIL[0m  test:house-bot-console     110.7s
[90m        │ [email] sendEmailToUser skipped — no email for user usr_hb_20232_1… (user.email=null, phone=+25571…)
        │ [email] sendEmailToUser skipped — no email for user usr_hb_20232_1… (user.email=null, phone=+25575…)
        │ [email] sendEmailToUser skipped — no email for user usr_hb_20232_1… (user.email=null, phone=+25579…)
        │ [audit] NOT RECORDED — AUDIT_CHAIN_SECRET must be set in production and distinct from SESSION_SECRET · probe.543.absent · aud_bmv1ptd2r3ef584_000000125
        │ [audit] NOT RECORDED — AUDIT_CHAIN_SECRET must be set in production and distinct from SESSION_SECRET · probe.543.same · aud_bmv1ptd2r3ef584_000000126
        │ [audit] NOT RECORDED — AUDIT_CHAIN_SECRET must be set in production and distinct from SESSION_SECRET · house_bot.switch_on · aud_bmv1ptd2r3ef584_000000128
        │ [house-bot] the switch_on compliance row could not be written (the desk IS on): UNSIGNED
        │ [audit] NOT RECORDED — AUDIT_CHAIN_SECRET must be set in production and distinct from SESSION_SECRET · house_bot.switch_off · aud_bmv1ptd2r3ef584_000000134
        │ [audit] NOT RECORDED — AUDIT_CHAIN_SECRET must be set in production and distinct from SESSION_SECRET · house_bot.switch_off · aud_bmv1ptd2r3ef584_000000135
        │ [audit] NOT RECORDED — AUDIT_CHAIN_SECRET must be set in production and distinct from SESSION_SECRET · house_bot.started · aud_bmv1ptd2r3ef584_000000141
        │ [audit] NOT RECORDED — AUDIT_CHAIN_SECRET must be set in production and distinct from SESSION_SECRET · house_bot.password_verified · aud_bmv1ptd2r3ef584_000000143
        │ [audit] NOT RECORDED — AUDIT_CHAIN_SECRET must be set in production and distinct from SESSION_SECRET · house_bot.designated · aud_bmv1ptd2r3ef584_000000144
        │ [audit] NOT RECORDED — AUDIT_CHAIN_SECRET must be set in production and distinct from SESSION_SECRET · house_bot.rules_saved · aud_bmv1ptd2r3ef584_000000147
        │ [house-bot] the rules_saved compliance row could not be written (the rules DID change): UNSIGNED
        │ [audit] NOT RECORDED — AUDIT_CHAIN_SECRET must be set in production and distinct from SESSION_SECRET · house_bot.paused · aud_bmv1ptd2r3ef584_000000149
        │ [house-bot] the house_bot.paused compliance row could not be written (the account DID move): UNSIGNED
        │ [audit] NOT RECORDED — AUDIT_CHAIN_SECRET must be set in production and distinct from SESSION_SECRET · house_bot.removed · aud_bmv1ptd2r3ef584_000000150
        │ [house-bot] the house_bot.removed compliance row could not be written (the account DID move): UNSIGNED
        │ [audit] NOT RECORDED — AUDIT_CHAIN_SECRET must be set in production and distinct from SESSION_SECRET · house_bot.staff_intent_cancelled · aud_bmv1ptd2r3ef584_000000153
        │ FAIL 0.pg · the Postgres run exits 0 with assertions and no failure — exit 1 · 803 passed (at least 804) · 1 failed
        │ 
        │ FAILURES — test:house-bot-console: 1 passed, 2 failed
        │    swept 1 lingering postgres process(es).
        │ 
        │ Scratch cluster stopped. Command exited 1.[0m
  [31mFAIL[0m  test:house-bot-disclosure  65.9s
[90m        │ PASS 8.4 · ⛔ the dormant recorder is DECLARED and UNWRITTEN: with comments stripped first, `BOARD_DISCLOSURE_RECORDED` occurs exactly TWICE in `constants.ts` (the event kind and its audit classification) and in NO source file anywhere under `src/` except the console label pinned at 8.4a — so nothing writes such an event and no action can emit one — {"src":1461,"sites":[{"rel":"src/lib/house-bot/constants.ts","n":2},{"rel":"src/lib/server/house-console-read.ts","n":1}],"elsewhere":[]}
        │ PASS 8.4a · ⛔ the ONE occurrence outside `constants.ts` is the owner console's `CONSOLE_EVENT_WORD` label and nothing else: exactly once in `house-console-read.ts`, of the shape `KIND: "sentence"`, with no `kind:` argument and no `createEvent` naming the recorder anywhere in that file. A label is not a writer — {"label":true,"noWrite":true}
        │ PASS 8.4b · POSITIVE CONTROL · …and it is STILL DECLARED where production needs it. The migration is APPLIED on production, so the Postgres enum holds the value; `constants.ts` mirrors it, and the table's CHECK is built from that list. A guard that demanded the NAME be absent would push the next session to delete a value the live database has, and the table's CHECK would stop matching the code — {"migration":true,"inMigration":true}
        │ PASS 8.4.c1 · CONTROL · an event WRITE planted into a copy of the real house seam is reported by 8.4's own measure as a SECOND file, a planted `BOARD_DISCLOSURE_SECTIONS` declaration is reported by 8.3's, and a COMMENT naming the recorder in the same place is reported by NEITHER — documentation standing in for enforcement is the defect this lane just repaired, and three guards here have been fooled by prose about code — {"write":["src/lib/house-bot/constants.ts×2","src/lib/server/house-bot/seam.ts×1","src/lib/server/house-console-read.ts×1"],"comment":["src/lib/house-bot/constants.ts","src/lib/server/house-console-read.ts"],"sections":["src/lib/house-bot/constants.ts"]}
        │ 
        │ §docs · accepted risks 8–12 and 21 in both registers, risk 21's premise measured live, and the condition still unsatisfied
        │ PASS §docs.0 · POPULATION · both registers were read and both accepted-risk slices were located and are substantial — the previous pass that 'discovered' risk 21 missing had read the numbered LIST only, and a slice that resolved to nothing would let every assertion below pass over an empty string — {"compliance":16352,"houseBots":19285}
        │ PASS d.1 · ⛔ accepted risk 21 is in BOTH registers and the two copies are the SAME TEXT (whitespace normalised) — it existed in full in `COMPLIANCE-DECISIONS.md` with its dated ruling-503 correction and nowhere in `HOUSE-BOTS.md` §13, while §13's own preamble claimed the two files carry the same text — {"complianceChars":1616,"houseBotsChars":1616,"equal":true,"firstDivergence":null}
        │ PASS d.2 · risks 1–20 are present by number in both registers — 8–12 (04 S5) arrived 2026-09-26 where a placeholder stood, risk 21 beside them, and none displaced another — {"compliance":[1,2,3,4,5,6,7,8,9,10,11,12,13,14,15,16,17,18,19,20],"houseBots":[1,2,3,4,5,6,7,8,9,10,11,12,13,14,15,16,17,18,19,20]}
        │ PASS d.3 · the three do-not-restore lines are in `HOUSE-BOTS.md` §13's own section and are not weakened by risk 21's insertion — []
        │ PASS d.4 · ⛔ risk 21's PREMISE is true TODAY, read out of the published rulebooks rather than recalled: all three sentences are present in what those pages PRINT — the one-account-per-person rule with its forfeiture clause, the yes/no rulebook's bots prohibition, and the up-down rulebook's prohibited-conduct line. A carve-out for house accounts would turn this red, and a carve-out a player can read is what D19 forbids — {"files":["src/app/legal/rules/_content-yes-no.tsx:22934","src/app/legal/rules/_content-up-down.tsx:23667"],"missing":[]}
        │ PASS d.4.c1 · CONTROL · the same measure over a COPY of the yes-no rulebook with the bots sentence deleted reports it, and a copy with the sentence reworded ("may be used") reports it too — presence is asserted on the WORDS, so a reversal that keeps the shape is caught — the deleted and the reworded copies are both reported
        │ PASS d.5 · ⛔ F6 §5 condition 1 is UNCHANGED and still reads "waived by owner ruling D1, not satisfied". The 2026-09-20 ruling is the owner reporting what a regulator told him; it satisfies no condition that asks for WRITTEN approval, and the one sentence a later reader could misread is pinned here word for word — {"found":true,"condition":"condition 1 (written GBT approval) is waived by owner ruling D1, not satisfied"}
        │ PASS d.5.c1 · CONTROL · a copy of that line with "not satisfied" changed to "satisfied" no longer contains the pinned sentence, while it still contains "condition 1 (written GBT approval)" — so the pin is shown to be on the WHOLE clause and not on a prefix that survives the flip, which is the only version of this control worth having — {"flippedStillHasPrefix":true,"flippedHasClause":false}
        │ PASS d.6 · the 2026-09-20 ruling is written in the register's OWN verbal-report form — it says Ali reports what he was told, says no document is on file, and never implies a paper from the regulator. A stranger reading it in a year cannot mistake it for a document the Board issued — {"chars":3043,"shape":true,"head":"### Owner ruling D21 (Ali, 2026-09-20) — the Gaming Board needs nothing, and the private d"}
        │ PASS d.6.c1 · POSITIVE CONTROL · the shape test is the register's own, not one invented for this entry: D19a's existing sentence passes it unchanged, and a fabricated "a signed letter from the Gaming Board is attached" fails it — {"d19a":true,"fabricated":false}
        │ PASS d.7 · ⛔ accepted risks 8–12 are in BOTH registers as the SAME TEXT, risk by risk (whitespace folded), each ONE line carrying its dated check against the code, in one unbroken list 7 → 13 — owed since build commit 8 (04 S5) and written 2026-09-26; risks 13, 15 and 20 show what two copies written apart become — {"risks":[{"n":8,"compliance":1665,"houseBots":1665,"same":true,"checked":true},{"n":9,"compliance":1838,"houseBots":1838,"same":true,"checked":true},{"n":10,"compliance":1395,"houseBots":1395,"same":true,"checked":true},{"n":11,"compliance":1019,"houseBots":1019,"same":true,"checked":true},{"n":12,"compliance":3531,"houseBots":3531,"same":true,"checked":true}],"contiguous":{"compliance":true,"houseBots":true},"once":["8:1/1","9:1/1","10:1/1","11:1/1","12:1/1"]}
        │ PASS d.7b · the "⏳ never added" placeholder is gone from BOTH accepted-risk sections — a register that lists risks 8–12 AND says they are missing contradicts itself — {"compliance":false,"houseBots":false}
        │ PASS d.1.c1 · CONTROL · risk 21 DELETED from a copy of §13 is reported, and so is a copy in which one word of it is changed — d.1 is a text equality, not a presence check, so a paraphrase that drifts from the register is caught too — {"deleted":0,"reworded":true}
        │ PASS d.2.c1 · CONTROL · one risk number deleted from a copy of either slice is reported by d.2's measure — 9 and 12 from the range 8–12 that arrived on 2026-09-26, as 15 and 20 from 13–20 — {"compliance":[19,19],"houseBots":[19,19]}
        │ PASS d.7.c1 · CONTROL · each way the two copies can part is reported by d.7's or d.7b's own measure: one word changed in ONE copy of risk 10 ("fails closed" → "fails open"), risk 11's line deleted from a copy of the compliance register, a blank line opened after risk 8 in a copy of §13, and the placeholder written back into a copy — and the registers themselves are never edited — {"reworded":true,"cut":true,"opened":true,"replanted":true}
        │ 
        │ !! FLOOR — test:house-bot-disclosure ran 116 assertion(s), fewer than the 118 a green run printed. Cases that stop running are not cases that pass.
        │ 
        │ FAILURES — house-bot-disclosure: 116 passed, 2 failed[0m
  [32mPASS[0m  test:house-bot-surfaces    17.2s
  [32mPASS[0m  test:kyc-copy-truth        1.4s
  [32mPASS[0m  test:kyc-at-withdrawal     13.9s
  [32mPASS[0m  test:refused-funds         10.7s
  [32mPASS[0m  test:refused-funds-race    3.1s
  [32mPASS[0m  test:wallet-freeze         5.8s
  [32mPASS[0m  test:deposit-notifications 6.7s
  [32mPASS[0m  test:auth-email-integrity  6.8s
  [32mPASS[0m  test:auth-email            1.7s
  [32mPASS[0m  test:outcome               1.7s
  [32mPASS[0m  test:history               1.3s
  [32mPASS[0m  test:bridge                3.2s
  [32mPASS[0m  test:stacking              2.0s
  [32mPASS[0m  test:tap-target            1.8s
  [32mPASS[0m  test:design-frozen         1.7s
  [32mPASS[0m  test:design-one-door       1.4s
  [32mPASS[0m  test:icon-sizes            1.4s
  [32mPASS[0m  test:search                1.2s
  [32mPASS[0m  test:search-adoption       3.0s
  [32mPASS[0m  test:confirm-gate          1.5s
  [32mPASS[0m  test:money-format          2.2s
  [32mPASS[0m  test:ai-vocabulary         1.0s
  [32mPASS[0m  test:spacing-scale         1.8s
  [32mPASS[0m  test:chain-purge           1.3s
  [32mPASS[0m  test:dial-stake            1.0s
  [32mPASS[0m  test:card-share            1.4s
  [32mPASS[0m  test:chat-focus-ring       1.1s
  [32mPASS[0m  test:share-link-readable   1.0s
  [32mPASS[0m  test:selcom-statement      1.2s
  [32mPASS[0m  test:msisdn-prefill        0.9s
  [32mPASS[0m  test:deposit-phone         0.9s
  [32mPASS[0m  test:payout-destination    0.9s
  [32mPASS[0m  test:updown-filter-sheet   1.0s
  [32mPASS[0m  test:market-columns        0.9s
  [32mPASS[0m  test:measure               1.7s
  [32mPASS[0m  test:decomment             4.1s
  [32mPASS[0m  test:docs                  1.3s
  [32mPASS[0m  test:id-documents          4.3s
  [32mPASS[0m  test:campaign-privacy      3.2s
  [32mPASS[0m  test:kyc-honesty           2.1s
  [32mPASS[0m  test:kyc-reject-reason     1.0s
  [32mPASS[0m  test:kyc-doc-metadata      1.3s
  [32mPASS[0m  test:kyc-workstation-time  0.9s
  [32mPASS[0m  test:kyc-approved-copy     1.3s
  [32mPASS[0m  test:kyc-attestations      0.9s
  [32mPASS[0m  test:login-enum            2.4s
  [32mPASS[0m  test:phone-normalize       1.1s
  [32mPASS[0m  test:tz-msisdn             0.9s
  [32mPASS[0m  test:campaign-compose      3.0s
  [32mPASS[0m  test:cert-devroutes        0.9s
  [32mPASS[0m  test:cert-f1               1.2s
  [32mPASS[0m  test:cert-a6               1.5s
  [32mPASS[0m  test:cert-d1               1.1s
  [32mPASS[0m  test:cert-d2               1.4s
  [32mPASS[0m  test:cert-d3               1.4s
  [32mPASS[0m  test:cert-d4               0.9s
  [32mPASS[0m  test:updown-late-close     1.9s
  [32mPASS[0m  test:updown-window         1.9s
  [32mPASS[0m  test:updown-result-clock   0.9s
  [32mPASS[0m  test:updown-margin         1.8s
  [32mPASS[0m  test:updown-readiness      1.7s
  [32mPASS[0m  test:margin-schedule       1.7s
  [32mPASS[0m  test:rule-honesty          1.7s
  [32mPASS[0m  test:updown-digest         1.5s
  [32mPASS[0m  test:updown-push           1.0s
  [32mPASS[0m  test:aipoll-reap           1.8s
  [32mPASS[0m  test:aipoll-publish        1.8s
  [32mPASS[0m  test:updown-source-class   1.0s
  [32mPASS[0m  test:settlement-expectation 1.0s
  [32mPASS[0m  test:feed-https            1.4s
  [32mPASS[0m  test:updown-durations      0.9s
  [32mPASS[0m  test:updown-chain-stats    0.8s
  [32mPASS[0m  test:updown-grid           0.8s
  [32mPASS[0m  test:updown-bars           1.6s
  [32mPASS[0m  test:ops-audit-flush       0.9s
  [32mPASS[0m  test:tracker-hygiene       1.0s
  [32mPASS[0m  test:deferred-register     1.0s
  [32mPASS[0m  test:scenario-coverage     2.2s
  [32mPASS[0m  test:mobile-visual-plan    3.2s
  [32mPASS[0m  test:marketing-setup-plan  2.5s
  [32mPASS[0m  test:landing-ten-plan      1.8s
  [32mPASS[0m  test:vodacom-plan          1.1s
  [32mPASS[0m  test:simple-journey-flag   5.7s
  [32mPASS[0m  test:short-title-fit       2.4s
  [32mPASS[0m  test:short-title-edit      3.2s
  [32mPASS[0m  test:short-title-ai        7.1s
  [32mPASS[0m  test:journey-estimate      1.7s
  [32mPASS[0m  test:card-close-label      0.9s
  [32mPASS[0m  test:pending-bet           1.2s
  [32mPASS[0m  test:shortfall             0.9s
  [32mPASS[0m  test:deposit-ceiling       12.6s
  [32mPASS[0m  test:journey-sheet         1.5s
  [32mPASS[0m  test:journey-funnel        7.4s
  [32mPASS[0m  test:journey-shell         2.5s
  [32mPASS[0m  test:offline-neutral       1.1s
  [32mPASS[0m  test:journey-account       2.6s
  [32mPASS[0m  test:journey-tickets       2.3s
  [32mPASS[0m  test:visual-pass-r3c       1.8s
  [32mPASS[0m  test:visual-pass-r4d       2.4s
  [32mPASS[0m  test:visual-pass-r4e       1.7s
  [32mPASS[0m  test:visual-pass-r4k       1.9s
  [32mPASS[0m  test:visual-pass-r4h       1.8s
  [32mPASS[0m  test:visual-pass-r5a       3.0s
  [32mPASS[0m  test:visual-pass-r5b       4.6s
  [32mPASS[0m  test:visual-pass-r5c       2.6s
  [32mPASS[0m  test:visual-pass-r5e       15.8s
  [32mPASS[0m  test:visual-pass-r5i       2.8s
  [32mPASS[0m  test:visual-pass-r5g       5.3s
  [32mPASS[0m  test:visual-pass-r5j       5.7s
  [32mPASS[0m  test:visual-pass-r6b       3.2s
  [32mPASS[0m  test:visual-pass-r6a       4.0s
  [32mPASS[0m  test:visual-pass-r6c       4.1s
  [32mPASS[0m  test:signoff               1.1s
  [32mPASS[0m  test:proposal-evidence-age 1.1s
  [32mPASS[0m  test:payout-view           1.0s
  [32mPASS[0m  test:market-calendar       2.0s
  [32mPASS[0m  test:overdue-format        2.4s
  [31mFAIL[0m  test:orphans               13.7s
[90m        │ > fiftypick@0.1.0 test:orphans
        │ > node scripts/orphan-scripts.mjs
        │ 
        │ ──────────────────────────────────────────────────────────────────────
        │ ORPHAN SCRIPTS — every file in scripts/ must be run, or declared unrun
        │ ──────────────────────────────────────────────────────────────────────
        │   files            1551
        │   git-ignored      0   (not the product — excluded from the population)
        │   reachable        1321   (20 only through a load/launch chain past hop 1)
        │   orphaned         230
        │   declared         228   (allowlist recorded 2026-07-30)
        │ 
        │ 🔴 2 UNDECLARED orphan(s) — nothing runs these and nothing admits it:
        │ 
        │      ✗ scripts/qa/landing-v3/panels/band-panel.js
        │      ✗ scripts/qa/landing-v3/panels/hero-panel.js
        │ 
        │    Either wire it into package.json (preferred — that is what it was written for),
        │    delete it, or add it to scripts/orphan-allowlist.json with a reason.
        │ 
        │ ──────────────────────────────────────────────────────────────────────[0m
  [32mPASS[0m  test:cert-c1               1.7s
  [32mPASS[0m  test:cert-c3               1.9s
  [32mPASS[0m  test:cert-c2               13.1s
  [32mPASS[0m  test:admin-action-gate     0.9s
  [32mPASS[0m  test:updown-proposal       2.3s
  [32mPASS[0m  test:updown-e2e-flow       2.2s
  [32mPASS[0m  test:wallet-reach          1.2s
  [32mPASS[0m  test:landing-mine          2.0s
  [32mPASS[0m  test:visual-pass-r4i       3.2s
  [32mPASS[0m  test:pager-reach           1.6s
  [32mPASS[0m  test:grid-paging           1.2s
  [32mPASS[0m  test:orphan-actions        4.1s
  [32mPASS[0m  test:chart-one-home        1.4s
  [32mPASS[0m  test:terminal-series       1.9s
  [32mPASS[0m  test:chip-contract         1.4s
  [32mPASS[0m  test:prisma-delegate       10.3s
  [32mPASS[0m  test:updown-symbols        1.0s
  [32mPASS[0m  test:proof-privacy         0.9s
  [32mPASS[0m  test:updown-admin-options  0.9s
  [32mPASS[0m  test:updown-void-copy      1.0s
  [32mPASS[0m  test:updown-advice         1.0s
  [32mPASS[0m  test:updown-chart          1.0s
  [32mPASS[0m  test:position-permalink    0.9s
  [32mPASS[0m  test:refresh-cadence       0.9s
  [32mPASS[0m  test:funnel-share          0.9s
  [32mPASS[0m  test:feedback-law          1.5s
  [32mPASS[0m  test:presence-class        1.0s
  [32mPASS[0m  test:updown-bet-feedback   1.0s
  [32mPASS[0m  test:shell-boundary        1.0s
  [32mPASS[0m  test:layout-staleness      0.9s
  [32mPASS[0m  test:install-invite        0.9s
  [32mPASS[0m  test:popup-fit             1.2s
  [32mPASS[0m  test:updown-result-announce 0.8s
  [32mPASS[0m  test:updown-pricing        0.8s
  [32mPASS[0m  test:updown-cutover        1.9s
  [32mPASS[0m  test:updown-playbook       1.1s
  [32mPASS[0m  test:updown-movement       0.9s
  [32mPASS[0m  test:updown-positions-visible 0.9s
  [32mPASS[0m  test:crest-legibility      0.9s
  [32mPASS[0m  test:motion-ladder         2.5s
  [32mPASS[0m  test:glyph-motion          1.2s
  [32mPASS[0m  test:m1-light              1.4s
  [32mPASS[0m  test:reduce-motion         2.0s
  [32mPASS[0m  test:keyframes             1.6s
  [32mPASS[0m  test:dead-css              4.7s
  [32mPASS[0m  test:reconcile-announce    4.8s
  [32mPASS[0m  test:market-result-announce 0.9s
  [32mPASS[0m  test:gold-is-money         0.9s
  [32mPASS[0m  test:predictor-count       1.8s
  [32mPASS[0m  test:settle-atomicity      1.0s
  [32mPASS[0m  test:board-discovery       1.5s
  [32mPASS[0m  test:discovery-contract    1.1s
  [32mPASS[0m  test:backup-watchdog       1.1s
  [32mPASS[0m  test:health-readiness      17.9s
  [32mPASS[0m  test:hero-contract         1.0s
  [32mPASS[0m  test:hero-copy             2.5s
  [32mPASS[0m  test:eyebrow-roles         1.0s
  [32mPASS[0m  test:section-rail          1.2s
  [32mPASS[0m  test:unsaved-changes       1.5s
  [32mPASS[0m  test:single-save           1.4s
  [32mPASS[0m  test:save-cycle            1.1s
  [32mPASS[0m  test:select-keyboard       1.1s
  [32mPASS[0m  test:validation-focus      2.1s
  [32mPASS[0m  test:cn-collision          1.9s
  [32mPASS[0m  test:pool-residual         1.2s
  [32mPASS[0m  test:zoned-time            1.1s
  [32mPASS[0m  test:criterion-i18n        1.1s
  [32mPASS[0m  test:criterion-chain       2.1s
  [32mPASS[0m  test:criterion-ai-publish  2.1s
  [32mPASS[0m  test:override-scope        1.1s
  [32mPASS[0m  test:proposal-day          1.7s
  [32mPASS[0m  test:admin-charts          2.0s
  [32mPASS[0m  test:admin-soft-gate       1.0s
  [32mPASS[0m  test:admin-act-gate        1.1s
  [32mPASS[0m  test:margin-series         1.0s
  [32mPASS[0m  test:ticker-honesty        0.9s
  [32mPASS[0m  test:hooks-order           1.3s
  [32mPASS[0m  test:landing-contract      1.0s
  [32mPASS[0m  test:updown-match          3.0s
  [32mPASS[0m  test:one-sided             3.1s
  [32mPASS[0m  test:featured-card         2.6s
  [32mPASS[0m  test:share-preview         1.5s
  [32mPASS[0m  test:time-left             1.3s
  [32mPASS[0m  test:filter-language       2.9s
  [32mPASS[0m  test:density-contract      2.0s
  [32mPASS[0m  test:fee-model-caption     2.1s
  [32mPASS[0m  test:bonus-one-side        2.2s
  [32mPASS[0m  test:thin-alert            2.1s
  [32mPASS[0m  test:failure-reasons       5.1s
  [32mPASS[0m  test:rate-copy             1.2s
  [32mPASS[0m  test:updown-handover       1.1s
  [32mPASS[0m  test:updown-bell           1.5s
  [32mPASS[0m  test:notifications-page    1.4s
  [32mPASS[0m  test:visual-pass-r4c       1.4s
  [32mPASS[0m  test:visual-pass-r4j       3.1s
  [32mPASS[0m  test:visual-pass-r5f       1.5s
  [32mPASS[0m  test:visual-pass-r5d       10.3s
  [32mPASS[0m  test:visual-pass-r5h       8.4s
  [32mPASS[0m  test:visual-pass-r5k       2.2s
  [32mPASS[0m  test:visual-pass-r5l       3.4s
  [32mPASS[0m  test:encoding              1.5s
  [32mPASS[0m  test:ops-provision-staff   7.3s
  [32mPASS[0m  test:house-bot-ops         273.7s
  [32mPASS[0m  test:reset-identifier      2.6s
  [32mPASS[0m  test:bonus-withdrawable    9.7s
  [32mPASS[0m  test:source-reachability   1.2s
  [32mPASS[0m  test:bulk-resolve          1.8s
  [32mPASS[0m  test:tab-anchors           1.4s
  [32mPASS[0m  test:query-core            1.0s
  [32mPASS[0m  test:lifecycle-reach       0.9s
  [32mPASS[0m  test:route-census          0.8s
  [32mPASS[0m  test:leaderboard-order     0.9s
  [32mPASS[0m  test:support-contact       7.8s
  [32mPASS[0m  test:social-links          1.4s
  [32mPASS[0m  test:social-panel          1.3s
  [32mPASS[0m  test:webhook-secret        1.1s
  [32mPASS[0m  test:wallet-empty-escape   0.9s
  [32mPASS[0m  test:rules-copy            1.5s
  [32mPASS[0m  test:blackball             1.3s
  [32mPASS[0m  test:sms-dlr               2.2s
  [32mPASS[0m  test:otp-delivery          3.1s
  [32mPASS[0m  test:sms-cost-guard        4.5s
  [32mPASS[0m  test:chart-series          0.9s
  [32mPASS[0m  test:updown-clock-guard    1.1s
  [32mPASS[0m  test:updown-history-pnl    1.1s
  [32mPASS[0m  test:client-error-report   1.2s
  [32mPASS[0m  test:translation-safety    1.4s
  [32mPASS[0m  test:audit-attest          2.1s
  [32mPASS[0m  test:time-axis             1.3s

────────────────────────────────────────────────────────────────
  500/507 green · 2219.4s total
  [31mFAILED:[0m test:audit-drain, test:revoked-deadend, test:admin-section-gate, test:needle-rest, test:house-bot-console, test:house-bot-disclosure, test:orphans
────────────────────────────────────────────────────────────────

