
§1 · the wiring
───────────────
  ok   1.1 · instrumentation.ts installs the shutdown drain on the Node runtime, before anything that can queue an append
  ok   1.c1 · PLANTED CONTROL — an instrumentation with the install REMOVED is flagged
  ok   1.c2 · PLANTED CONTROL — the install moved BELOW runBootChecks is flagged, so 1.1 reads the ORDER and not the mere presence of a call
  ok   1.2 · audit() counts the append the instant it is QUEUED, not when its turn comes
  ok   1.c3 · PLANTED CONTROL — the bump moved inside the queued `.then` is flagged
  ok   1.3 · and it is decremented on BOTH outcomes — a counter that leaks on a rejection would make every later shutdown report a phantom backlog
  ok   1.4 · auditPending() is exported, so the drain can report a SIZE and not just a boolean

§2 · the bound
──────────────
  drain budget 5000ms · env ceiling 30000ms · house-bot per-tick flush 2000ms
  ok   2.1 · the budget is a named constant, finite and non-zero — an unbounded drain would turn a deploy into a hang
  ok   2.2 · it is not TIGHTER than the per-tick flush already in the tree — a once-per-process-death drain that gave up sooner than a once-a-second tick would be indefensible
  ok   2.3 · it sits under the tightest platform grace named in the module (Docker's 10s default), with room to spare
  ok   2.4 · the env override is CLAMPED, so a typo cannot convert a deploy into a multi-minute hang
  ok   2.5 · an unparseable override is REPORTED and ignored, never silently treated as zero — a drain disabled by a typo is the failure this whole module exists to prevent
  ok   2.6 · exceeding the budget is LOUD and names the SIZE — a bound that is exceeded silently is worth nothing
  ok   2.c1 · PLANTED CONTROL — the same module with every console.error downgraded to console.log is flagged

§3 · the mechanism
──────────────────
  ok   3.1 · the process.exit wrapper is a PASS-THROUGH until a termination signal has been seen — ordinary exits keep byte-identical semantics
  ok   3.c1 · PLANTED CONTROL — a wrapper that defers EVERY exit is flagged
  ok   3.2 · the drain runs on the EXIT, not on the signal — Next closes the server and finishes in-flight requests AFTER the signal, so a signal-time drain would drain an incomplete queue
  ok   3.3 · the deadline timer is REF'd — an unref'd one would let a finished event loop exit on its own with code 0 and abandon the queue
  ok   3.c2 · PLANTED CONTROL — an unref'd deadline is flagged
  ok   3.3b · the deferred exit is taken in a `finally` — the wrapper has already told Next the process is exiting, so a throw inside the drain must never be able to turn the deferral into a hang
  ok   3.c2b · PLANTED CONTROL — the same exit moved out of the `finally` and onto the happy path is flagged
  ok   3.4 · the only thing that ever ends the process is the exit captured BEFORE the wrapper was installed
  ok   3.5 · the flush LOOPS on the depth — auditFlush() captures the tail at call time, so an append queued during the flush would otherwise be reported as drained when it was not
  ok   3.6 · installation is idempotent — an HMR re-import or a second register() must not stack wrappers around process.exit
  ok   3.7 · the drain leaves a DURABLE certificate — a system.shutdown_drain row queued after the depth is read and before the flush loop, so FIFO puts it behind every row it vouches for
  ok   3.c3 · PLANTED CONTROL — the certificate AWAITED (which would put it ahead of the rows it vouches for) is flagged
  ok   3.c4 · PLANTED CONTROL — the depth read AFTER the certificate is queued (so the shutdown counts its own marker) is flagged

§4 · the drive — real child processes, real exits
─────────────────────────────────────────────────
  POSITIVE CONTROL population: 10 queued append(s) at 20ms each = 200ms of queue
         [child no-drain] +1ms queue seeded: 10 append(s) at 20ms each
         [child no-drain] +22ms Next cleanup finished — calling process.exit(143)
  ok   4.c1 · POSITIVE CONTROL — with NO drain installed, production's own SIGTERM chain exits 143 with the queue still unfinished
         [child drained] +1ms drain installed=true budget=5000ms
         [child drained] +1ms second install returned false
         [child drained] +1ms queue seeded: 10 append(s) at 20ms each
         [child drained] +19ms Next cleanup finished — calling process.exit(143)
         [child drained] +20ms process.exit returned (deferred) — no further cleanup work follows, as in the real source
  ok   4.1 · WITH the drain, the same shutdown waits and the queue reaches ZERO before the process dies
  ok   4.2 · and it really WAITED — the drain captured the WHOLE queue at risk, waited a real interval, and abandoned none of it
  ok   4.3 · the exit CODE survives the deferral — a platform must still see 143 for a SIGTERM
  ok   4.4 · a second install is refused — the wrapper is never stacked
  ok   4.5 · the drain announces itself at boot, with its budget — so a container that armed and then went quiet is distinguishable from one that drained
  ok   4.c2 · POSITIVE CONTROL — the un-drained control never printed it, so 4.5 is reading the install and not a string that is always there
         [child stuck] +1ms drain installed=true budget=300ms
         [child stuck] +1ms second install returned false
         [child stuck] +1ms queue seeded: 10 append(s) at 20ms each
         [child stuck] +34ms Next cleanup finished — calling process.exit(143)
         [child stuck] +35ms process.exit returned (deferred) — no further cleanup work follows, as in the real source
  ok   4.6 · a queue that NEVER drains does not hang the deploy — the budget fires and the process still exits 143, well inside the budget plus slack
  ok   4.7 · and it waited the whole budget before giving up
  ok   4.8 · the loss is LOUD and NAMED — the block appears on stderr with the abandoned count, because a dying process has no other channel
  ok   4.9 · and the report says so in data, not only in prose
         [child plain-exit] +1ms drain installed=true budget=5000ms
         [child plain-exit] +1ms second install returned false
         [child plain-exit] +1ms calling process.exit(7) with NO signal — must be immediate
  ok   4.10 · PLANTED CONTROL — with the drain installed but NO signal, process.exit(7) is immediate and keeps its code: the wrapper must not change ordinary exit semantics
         [child throwing] +0ms drain installed=true budget=5000ms
         [child throwing] +0ms second install returned false
         [child throwing] +0ms queue seeded: 10 append(s) at 20ms each
         [child throwing] +20ms Next cleanup finished — calling process.exit(143)
         [child throwing] +21ms process.exit returned (deferred) — no further cleanup work follows, as in the real source
  ok   4.12 · PLANTED CONTROL — a flush that THROWS still exits 143, promptly: the deferred exit is taken in a `finally`, so a throw inside the drain can never become a hang on deploy
  ok   4.13 · and it says so rather than dying quietly
         [child sigint] +1ms drain installed=true budget=5000ms
         [child sigint] +1ms second install returned false
         [child sigint] +1ms queue seeded: 10 append(s) at 20ms each
         [child sigint] +31ms Next cleanup finished — calling process.exit(130)
         [child sigint] +32ms process.exit returned (deferred) — no further cleanup work follows, as in the real source
  ok   4.11 · SIGINT drains too, and exits 130 — the drain must not collapse every shutdown onto one code

──────────────────────────────────────────────────────────────────────────────
  audit-drain: 42 passed, 0 failed, 42 assertion(s) emitted
  controls among them: 13
──────────────────────────────────────────────────────────────────────────────
