
§1 · every module a client component reaches carries no house-bot vocabulary
PASS 1.re · the directive detector is LINEAR: 450 leading comments decide in under 100 ms, and a directive after code or inside a comment is not one — first=true afterCode=false inComment=false single=true 1ms
PASS 1.0 · the population is real: ≥ 200 client entries and ≥ 300 reachable modules, including the dictionary and the failure registry — 369 entries · 609 modules
PASS 1.1 · ⛔ D19 · no house-bot word in any client-reachable module (types and comments stripped as the bundler does)
PASS 1.2 · ⛔ no module under house-bot/ (or the house DAL) is reachable from a client component
PASS 1.3 · ruling 151 · no client component directly value-imports a `lib/server/` module that reaches `prisma.ts` (Prisma's browser runtime names every model)
PASS 1.3c · CONTROL · the measure can fail: the pre-151 import (`agent-config` from a client) would be reported

§2 · CONTROLS — planted chains are found; type-only imports and server actions are not followed
PASS 2.c1 · a planted string two hops away (a re-export through an `@/` import) is found — /lib/deep.ts:liquidity
PASS 2.c2 · …its comment is not (comments are stripped, as the bundler strips them) — /lib/deep.ts:liquidity
PASS 2.c3 · a TYPE-only import is not followed (types are erased) — /v/src/app/a.tsx, /v/src/app/b.ts, /v/src/lib/deep.ts
PASS 2.c4 · a "use server" module is not followed (a server action is a reference, never bundled) — /lib/deep.ts:liquidity
PASS 2.c5 · a dynamic import() is followed, and an UPPER_SNAKE house identifier is found — HOUSE_BOT, HOUSE_BOT
PASS 2.v · ruling 175 · CONTROL · every planted words sample in a client file is found (19 planted)
PASS 2.v · ruling 175 · CONTROL · every planted identifiers sample in a client file is found (6 planted)
PASS 2.v · ruling 175 · CONTROL · every planted ids sample in a client file is found (7 planted)
PASS 2.v.b · ruling 175 · CONTROL · the benign look-alikes (HOUSE_FEE, /admin/house, raw hb_ prefixes, a 28-hex tail, and "including household costs" — the word bound on `including house`) are not hits
PASS 2.c6 · CONTROL · type-only house fields, a comment and the platform's HOUSE_FEE are not hits

§3 · the player copy the un-build replaced says something true and names nothing
PASS 3.0 · POPULATION · the locale list is `Object.keys(dict)` and yields 3 languages (en, sw, zh), at least 3 — ["en","sw","zh"]
PASS 3.1 · ruling 146 · objNotEligible exists in every locale the dictionary declares and names nothing — ["You can’t object to this result. If you have a concern, contact support.","Huwezi kupinga matokeo haya. Kama una wasiwasi, wasiliana na msaada.","您无法对此结果提出异议。如有疑问，请联系客服。"]
PASS 3.1c · CONTROL · the locale walk can fail: a fourth locale planted into a COPY of the dictionary's key set is demanded, and a house sentence planted into a copy of one locale's value is reported — {"planted":"xx","houseSentenceReported":["dau la nyumba"]}
PASS 3.2 · the resolution panel renders the neutral state with the neutral key
PASS 3.2b · ruling 158 · the payout-held box drops its objection invitation in exactly the NOT_ELIGIBLE state
PASS 3.3 · the filing path's refusal table has no house row or sentence, and its generic line stands — 537 chars · 

§4 · ruling 174 · no house word, prop name, action name, search field or tone in any client module
PASS 4.0 · the law's named client surfaces are inside §1's population (status-tone, the search grammar, the search box, the system client)
PASS 4.1 · R1's house filter is never a TXN_SEARCH field, column or default, and the designation picker's own grammar carries none either (the client search box imports both)
PASS 4.1b · USER_SEARCH's fields and default are byte-identical to the ones origin/main ships — the picker took a grammar of its own rather than widening the platform's — {"fields":{"name":{"columns":["displayName"],"kind":"text"},"phone":{"columns":["phoneE164"],"kind":"text"},"id":{"columns":["id"],"kind":"exact"},"status":{"columns":["status"],"kind":"exact"},"role":{"columns":["role"],"kind":"exact"},"handle":{"columns":["displayLabel"],"kind":"text"}},"default":["id","phoneE164","displayName","displayLabel"]}
PASS 4.2 · no report builder module (src/lib/server/reports/) is reachable from a client component
PASS 4.c1 · CONTROL · a client prop NAMED houseStake is found (destructured prop names survive the strip) — houseStake, houseStake, houseStake, houseStake
PASS 4.c2 · CONTROL · a client import of a server action whose NAME carries HouseBot is found on the client side — HouseBot, HouseBot, HouseBotCsvAction, HouseBotCsvAction
PASS 4.c3 · CONTROL · a HOUSE_BOT tone key in a planted status-tone copy is found through its client importer — HOUSE_BOT, HOUSE_BOT_ACTIVE
PASS 4.c4 · CONTROL · the neutral twins (exposureSlot, exportInternalRecordAction) are not hits
PASS 4.c6 · CONTROL · a client bar that spells the bulk count sentence itself, and a client dialog that spells the Swahili house share, are found; a bar holding only the neutral exposureState / exposureCountTemplate names is not — {"hardcoded":["House stakes"],"sw":["dau la nyumba"],"neutral":[]}
PASS 4.c7 · CONTROL · over the REAL tree: a planted client file importing a real house copy module through the @/ alias reaches src/lib/house-bot/pause-reasons.ts on disk and its house words are reported — the resolver and the strip are proven on the tree §1 measures, not only on a virtual one — {"reached":3,"words":["House bots","liquidity"]}
PASS 4.c5 · CONTROL · a planted `house` field, its column and a house default in a TXN_SEARCH copy are each reported by 4.1's own measure — house, houseBotId, houseBotId
PASS 4.c5b · CONTROL · a planted `house` field, its column and a house default in an ACCOUNT_PICKER_SEARCH copy are each reported by the SAME measure — house, houseStake, houseBotId

§6 · ⛔ D19d · the chatbot discloses nothing and may never lie — the prompt, the fallbacks, the stub corpus and faq8a
PASS 6.0 · POPULATION · the chatbot artefact was assembled from the tree, not assumed: the prompt slice ends at its own template (not at end-of-file), and every channel is non-empty — prompt 8801 chars · chat literals 51/11477 chars · stub literals 128/5361 chars · locales [en,sw,zh] · faq8a en:314 sw:334 zh:102 · chrome en:658 sw:733 zh:269
PASS 6.0b · POPULATION · the lexicon was assembled from the RULING: the D19d row was located by its cell key and the pattern table covers every phrase in every locale — D19d row 363 chars · 8 quoted phrases · 24 locale patterns · 3 account patterns · 3 subject-scoped
PASS 6.1 · the guarded phrases are the ruling's own: set equality between D19D_PHRASES and the phrases quoted in the D19d row, BOTH directions — amending D19d turns this red rather than leaving the guard silently under-covering — in the ruling but not guarded: [] · guarded but not in the ruling: []
PASS 6.2 · ⛔ no D19d assurance in the LIVE SYSTEM PROMPT, in any locale — 'independent' matched subject-scoped, so a line calling something independent OF us is not swept in — 8801 chars scanned · 
PASS 6.2b · ⛔ nor in the live channel's other player-read text (the capacity, empty-reply and trouble fallbacks a player is handed verbatim) — 10814 chars scanned · 
PASS 6.2c · ⛔ nor in the STUB corpus — the answers a player gets whenever the live call returns null (no key, kill-switch off, no session, rate-limited), which no guard reached before — 5488 chars scanned · 
PASS 6.2d · ⛔ nor in faq8a — the fairness answer D19d names — in EVERY locale of Object.keys(dict), so a fourth locale demands copy rather than passing unchecked — en:314c sw:334c zh:102c · 
PASS 6.2e · ⛔ nor in the chat chrome the widget renders around those answers, in every locale — en:658c sw:733c zh:269c · 
PASS 6.2f · ⛔ D19 · nor any HOUSE VOCABULARY — the shared lexicon (ruling 175) over the same nine channels. Nothing the chatbot can put in front of a player names a house bot, a liquidity stake, a house stake or a staff-chosen market, in any locale — and until this case existed, NO guard read this text at all: §1 does not follow a "use server" module and the bundle verifier reads rendered pages, which a system prompt never becomes — 9 channels · 27513 chars scanned · no hits
PASS 6.3 · ⛔ D19d's ninth item · nothing anywhere in the artefact names an account by identifier or settles an account's nature (the bounded-id family comes from the shared vocabulary module, not a second spelling) — 9 channels scanned · 
PASS 6.4 · the prompt's ${...} set is exactly the pinned closed set — a NEW hole is a new channel for text to enter the system prompt, which is the only door a house fact could come through — derived [SUPPORT_EMAIL(), SUPPORT_PHONE(), formatTzs(WITHDRAW_MAX_TZS), langLine, objectionHours] · pinned [SUPPORT_EMAIL(), SUPPORT_PHONE(), formatTzs(WITHDRAW_MAX_TZS), langLine, objectionHours]
PASS 6.5 · the live call hands the model NO tools and no retrieval: the create call's keys are exactly {max_tokens, messages, model, system}, and the module's CODE — comments gone and string literals blanked — names no tools / tool_choice / mcp_servers / web_search / betas / container, so no tool result, report or database read can carry a house fact to the model — 12250 chars comment-free → 1848 chars with literals blanked · call site found · keys [max_tokens, messages, model, system] · tool-ish names found [none] of 6 swept
PASS 6.5b · what the model is told is the player's own conversation and nothing else: `messages` is the last ten turns plus the sentence just typed, and `system` is a bare buildSystemPrompt call with no concatenation and no appended context — messages shape pinned · system shape pinned
PASS 6.6 · D19a · src/app/_actions/chat.ts is byte-identical to origin/main — the chatbot keeps main's words, and this guard proved it without editing the file or exporting anything from it — clean against origin/main f4e2351a5 · 1 file(s) compared
PASS 6.7 · ⭐ POSITIVE CONTROL · RULE 2 is still PRESENT in the prompt — 6.2 cannot be made green by deleting RULE 2, the at-risk path test:chat-safety exists to protect — RULE 2 present
PASS 6.8 · ⭐ POSITIVE CONTROL · the stub's own two protected answers are still PRESENT — the refusal to recommend a side, and the at-risk redirect that runs before any backend is chosen — side refusal present · rg_redirect present
PASS 6.9.0 · POPULATION · the validator was taken from the module that SHIPS it and is wired into the LIVE config: the `validate` slice was located in comment-free code, its email pattern compiles, and the one shape object that carries it is spread into the `defineConfig` call the app reads — validate slice 1054 chars · pattern /^[^\s@]+@[^\s@]+\.[^\s@]+$/ · shape carries validate true · live config spreads the shape true · defaults msaada@50pick.tz/+255769777877
PASS 6.9 · ⛔ PLANTED CONTROL AND CLAIM IN ONE · the only operator-writable text the system prompt interpolates is the support row, and every D19d assurance offered to the SHIPPED validator — as the email, and as the dial target — is REFUSED, so a sentence cannot be stored in either — 27 plants offered to the real validator · storable as an email: [none] · dialable: [none]
PASS 6.9b · ⭐ POSITIVE CONTROL · the shipped support defaults are ACCEPTED by that same validator — the refusal above is a shape check, not a validator that refuses everything, and this is the control that separates the two — msaada@50pick.tz accepted true · dial +255769777877 / +255769777877
PASS 6.9c · ⛔ …and the half this CANNOT hold is recorded rather than rounded up: the `phone` DISPLAY field is free text whenever `phoneTel` is saved valid beside it, and that residual is a named row in plans/house-bots/DEFERRED-TESTS.md — register 389864 chars · names SUPPORT_PHONE() true · names D19d true

§6c · CONTROLS — every refusal planted into a COPY of the real text, and every real line that must stay allowed
PASS 6.c1.en · PLANTED CONTROL · each of the ruling's 8 assurances, written in en into a COPY of the real system prompt, is reported — the population is the RULING's phrase list, so a pattern DELETED from the table is a named miss here rather than one fewer loop iteration — 8 phrases × locale en · missed: [none]
PASS 6.c1.sw · PLANTED CONTROL · each of the ruling's 8 assurances, written in sw into a COPY of the real faq8a answer, is reported — the population is the RULING's phrase list, so a pattern DELETED from the table is a named miss here rather than one fewer loop iteration — 8 phrases × locale sw · missed: [none]
PASS 6.c1.zh · PLANTED CONTROL · each of the ruling's 8 assurances, written in zh into a COPY of the real faq8a answer, is reported — the population is the RULING's phrase list, so a pattern DELETED from the table is a named miss here rather than one fewer loop iteration — 8 phrases × locale zh · missed: [none]
PASS 6.c2 · PLANTED CONTROL · a bounded house id, a sentence settling an account's nature and a sentence naming an account by identifier, each planted into a COPY of the real stub corpus, are reported — 3 planted · missed: [none]
PASS 6.c3 · ⭐ POSITIVE CONTROL · every real line that must stay ALLOWED is fed to the same matcher and is NOT reported — a helpline called 'independent of 50pick', RULE 2's at-risk redirect, 'No officer reviews a withdrawal', 'an officer seals the outcome', the side refusal, the real faq8a and the prompt's own account sentences — 8 allowed lines · swept in: none
PASS 6.c4 · CONTROL · the same assurance planted into a COMMENT of the real file is NOT reported, while planted into the real PROMPT TEXT it IS — documentation standing in for enforcement is the defect this lane just repaired, and esbuild demonstrably keeps block comments inside a function body — comment: 0 hit(s) · prompt text: 1 hit(s)
PASS 6.c12 · PLANTED CONTROL + ⭐ POSITIVE CONTROL · every sample of the shared word family, written into a COPY of the real system prompt, is reported by 6.2f's own measure — and the benign look-alikes (HOUSE_FEE, /admin/house, a raw hb_ prefix, a 28-hex tail) are NOT, because a guard never shown to let an innocent word through is one the next session switches off — 19 planted · missed: [none] · 8 benign · swept in: [none]
PASS 6.c5 · CONTROL · a ${operatorNote} added to a COPY of the prompt slice is reported by 6.4's own measure — the closed set is what refuses a new channel rather than trying to police the existing ones — derived [SUPPORT_EMAIL(), SUPPORT_PHONE(), formatTzs(WITHDRAW_MAX_TZS), langLine, objectionHours, operatorNote]
PASS 6.c6 · PLANTED CONTROL · a tools array added to a COPY of the live call is reported by 6.5's own key-set measure and by its name sweep — and the key set survives the nested object the tool schema brings, which a regex stopping at the first `}` would have missed — keys [max_tokens, messages, model, system, tools]
PASS 6.c6b · ⭐ POSITIVE CONTROL · RULE 2's own words — 'our responsible gambling tools' — trip a naive sweep over comment-free code and do NOT trip 6.5's, which blanks string literals first; and RULE 2 is asserted STILL PRESENT so the guard cannot be greened by rewording it — naive sweep hits 2 · code-only sweep hits 0
PASS 6.c7 · CONTROL · a phrase DELETED from a copy of the guarded list is reported, and a ninth phrase INVENTED in a copy but absent from the ruling is reported too — 6.1 is a set equality, not a substring search — deleted-copy gap 1 · invented-copy gap 1
PASS 6.c8 · CONTROL · POPULATION FLOORS CAN FAIL · a file with no prompt yields a zero-length slice, a file with no literals yields an empty corpus, and a register without the row yields an empty row — each fails 6.0/6.0b's floor rather than passing an empty loop (a blind scanner is green exactly like a clean codebase) — slice 0 · literals 0 · row 0
PASS 6.c9 · CONTROL · 6.7's presence check run against a COPY with RULE 2 removed reports it GONE — a positive control that could not fail would be worth nothing — copy 8758 chars · original 8801 chars
PASS 6.c10 · CONTROL · the same diff measure, pointed at a path that resolves to zero files on origin/main, reports NOT MEASURED rather than green — the shape that separates a clean tree from a blind one — 0 of 1 path(s) exist on origin/main f4e2351a5 — nothing was compared
PASS 6.c11 · ruling 175 · the assurance module names no house word of its own: it IMPORTS the bounded-id family from scripts/lib/house-bot-vocabulary.mjs, and every vocabulary hit in its code is either that imported identifier, the shared module's own path, or a bounded id the imported family itself matches — an assurance list is a different KIND from a house lexicon, and re-spelling one inside the other is what 0.175 refuses — 5 vocabulary hit(s) in 10400 chars of code · allowed by derivation: [house-bot, HOUSE_ID_SOURCE, HOUSE_ID_SOURCE, hb_0123456789abcdef01234567, hb_0123456789abcdef01234567] · own word list: [none]

§0-pipe · a gate not in the pipeline is not a gate
PASS 0.pipe.0 · POPULATION · the predeploy chain was found and is the real one: over 2,000 characters and more than 100 `npm run` segments — so a renamed, emptied or truncated chain fails HERE and not as two index tests that quietly compare −1 with −1 — {"chars":6692,"segments":222,"npmRun":222}
PASS 0.pipe.1 · T15 · `predeploy` runs `test:house-bot-disclosure`, after `test:privacy-notice` — it ran today only through `test:all`'s auto-discovery of `test:*` keys, so a deploy could never have been stopped by it — {"disclosure":65,"privacy":61}
PASS 0.pipe.2 · …and `verify:house-bot-bundle` runs immediately after `npm run build` — it is the SOLE authority over server-rendered player pages and `public/`, it is not a `test:*` key so `test:all` never discovered it, and it refuses a build older than any `src` file, which is why its place is right after the build and nowhere else — {"bundle":217,"build":216,"after":"npm run verify:house-bot-bundle"}
PASS 0.pipe.c1 · CONTROL · the key deleted from a synthetic copy of the chain is reported, and a chain in which `verify:house-bot-bundle` is moved to BEFORE the build is reported too — the ordering is asserted, not only the presence — {"removed":{"pipe1":false,"pipe2":true,"pop":true},"before":{"pipe1":true,"pipe2":false,"pop":true}}
PASS 0.pipe.c2 · CONTROL · an EMPTY chain fails the population floor rather than passing two vacuous index tests — a `findIndex` of −1 compared with another −1 is the shape that reads green over nothing — {"pipe1":false,"pipe2":false,"pop":false}
PASS 0.pipe.c3 · POSITIVE CONTROL · the chain still carries the gates it had before this commit (`test:privacy-notice`, `test:chat-safety`, `test:house-bot-rules`, `test:i18n`, `npm run build`) — an insertion that displaced or replaced one of them would be a weakening dressed as a wiring — ["test:privacy-notice@61","test:chat-safety@50","test:house-bot-rules@149","test:i18n@47","build@216"]

§5 · D19a · the published words are `main`'s own, and no player surface prints a house word
PASS 5.0 · POPULATION · `origin/main` resolves and is PRINTED, the published legal text derives to at least 14 tracked files, and the two named carriers are in the list — a pin whose ref is missing or whose path list resolves to nothing must fail LOUDLY, never skip — {"originMain":"f4e2351a5","legalFiles":14,"pinned":16}
FAIL 5.1 · ⛔ D19a · every published word is `origin/main`'s own — the two rulebooks, Terms, the privacy notice, the AML and responsible-gambling pages, the agent terms, the legal chrome, the Terms version stamp and the whole dictionary, all identical to f4e2351a5 — {"comparedAgainst":"f4e2351a5","compared":16,"differs":["src/app/legal/_components.tsx","src/app/legal/legal-nav.tsx"],"missing":[]}
PASS 5.1.c1 · CONTROL · a ONE-CHARACTER change to a copy of the up-down rulebook, compared by the same measure against the same blob, is reported — and the unmutated copy is not — {"file":"src/app/legal/rules/_content-up-down.tsx","mutatedLen":34563}
fatal: path 'src/app/legal-does-not-exist/page.tsx' does not exist in 'origin/main'
fatal: path 'src/lib/terms-version.tsx' does not exist in 'origin/main'
PASS 5.1.c2 · CONTROL · a deliberately WRONG path list compares ZERO files and reports every one as missing — a clean tree and a blind pin print the same green, and this is the difference between them — {"compared":0,"missing":["src/app/legal-does-not-exist/page.tsx","src/lib/terms-version.tsx"],"differs":[]}
FAIL 5.1.c3 · POSITIVE CONTROL · not one changed file is inside the pinned population — the pin holds the published words without refusing the lane's own work, which is the failure mode a protection guard actually has — and the detector that says so is PROVED to fire, by running it over a list with a pinned file planted in it — {"changedVsMain":426,"sweptIn":["src/app/legal/_components.tsx","src/app/legal/legal-nav.tsx"],"planted":["src/app/legal/_components.tsx","src/app/legal/legal-nav.tsx","src/app/legal/_components.tsx"],"pinned":16}
PASS 5.2.0 · POPULATION · every player-rendered file is read from disk — `src/app/` outside `admin/` and `api/`, `src/components/` outside `admin/` — and the rulebooks, Terms, the privacy notice, the home page, the leaderboard and BOTH surfaces 0.198.3 already reads are in it BY NAME. A sweep over zero files passes, so the count and the printed characters are printed here — {"files":470,"printedChars":664343,"missingNamed":[]}
PASS 5.2 · ⛔ D19 · nothing a player's page PRINTS is a house word or a bounded house id — every string literal, template part and JSX text of all 470 files, comments stripped first. Until this commit the same measure read exactly two of them (`test:house-bot-reports` 0.198.3), and §1 cannot see a server component at all — []
PASS 5.2b · …and the ONE exclusion carries its own proof: `src/app/api/` is a real, non-empty population, and the guard that covers it exists and reads what those routes RETURN rather than what their source says — `test:house-bot-reports` calls `/api/fairness/recent` and `/api/health` and runs the vocabulary over the bodies (11.171, 11.247). An exclusion whose covering guard is not asserted is a silent hole — {"apiFiles":78,"key":"tsx scripts/db-scratch.mts --run npx tsx scripts/house-bot-reports.test.mts"}
PASS 5.2.c1 · CONTROL · a house sentence planted as JSX text into a copy of the real up-down rulebook is reported, and the Kiswahili and Chinese renderings planted into the yes-no rulebook are each reported on their own line — an English-only list run over three locales is the failure this names rather than hides in an aggregate — {"en":["words:house stakes","words:liquidity"],"sw":["words:Dau la nyumba"],"zh":["words:平台投注","words:平台机器人"]}
PASS 5.2.c2 · CONTROL · a BOUNDED house id planted as JSX text into a copy of the home page is reported — the id family is in this sweep because no player sentence can carry one legitimately — ["ids:hb_0123456789abcdef01234567"]
PASS 5.2.c3 · POSITIVE CONTROL · the benign look-alikes are NOT reported — `HOUSE_FEE`, the `/admin/house` owner book `main` already ships, a raw `hb_` prefix and a 28-hex tail — and neither is the market page's own `HOUSE_STAKE_ONLY`, which the register names for THAT FILE. A sweep that refused those would refuse the platform's own vocabulary and be turned off within a week — {"benign":[],"marketPage":[],"raw":["words:HOUSE_STAKE"],"benignSamples":8}
PASS 5.2.c3b · ⛔ SHRINK-ONLY · every string the register names is STILL printed by the file it was named for, and that file is still in the population — an exemption whose subject has gone is a hole nobody is watching — {"stale":[],"register":{"src/app/markets/[id]/page.tsx":["HOUSE_STAKE_ONLY"]}}
PASS 5.2.c4 · POSITIVE CONTROL · the module-specifier exclusion is EXACTLY that: a planted `from "@/lib/house-bot/exposure-copy"` alone is not a print hit (an import path is not a character a player reads, and what a player surface may IMPORT is 0.198.1's separate claim over this same population), while the same words in a JSX line in the same copy ARE — {"specifierOnly":[],"withText":["words:house bots"]}
PASS 5.2.c5 · CONTROL · a population that resolves to zero files is distinguishable from a clean one: the floor in 5.2.0 is what separates them, and it is asserted BEFORE 5.2 runs — {"emptyPopulation":0,"realPopulation":470}
PASS 5.2.c6 · POSITIVE CONTROL · the register covers the ruled string IN THE RULED FILE: the market page's own `HOUSE_STAKE_ONLY` is not reported, and the raw sweep of that same file DOES see it — so the register is doing the work, not a blind spot in the vocabulary — {"afterRegister":[],"rawHits":["words:HOUSE_STAKE"]}
PASS 5.2.c6b · ⛔ CONTROL · THE SAME TOKEN IN AN UNREGISTERED FILE IS REPORTED — planted into a copy of the home page, `HOUSE_STAKE_ONLY` is a hit, because the register is keyed by FILE and not by SHAPE. ⚠️ The shape exemption this replaces returned ZERO here, across all ~394 player-rendered files, which is the defect this line exists to make impossible to reintroduce silently — {"hits":["words:HOUSE_STAKE","words:HOUSE_STAKE"]}
PASS 5.2.c6c · ⛔ CONTROL · a SCREAMING_SNAKE house token in a genuinely PRINTED position — JSX text and an `aria-label` a screen reader speaks — is reported. This is the axis `printedTexts` cannot distinguish from an operand (it joins every string literal and JSX text and discards the AST), which is precisely why the exemption must be keyed by file rather than by the shape of the token — {"hits":["words:HOUSE_BOT","words:HOUSE_STAKES"]}
PASS 5.2.c6d · CONTROL · every readable spelling is still reported in an unregistered file — `house stake`, `House stakes` and the lower-case `house_stakes` — so closing the shape hole did not cost the case-and-separator coverage `§2J · THE JOIN` bought — {"hits":["words:house stake","words:House stakes","words:house_stakes"]}
  note  5.2.n1 · the composite-id gap (DEFERRED row 79) is STILL OPEN and is reported, not asserted: a planted "pos_house_<24hex>" printed as JSX text yields [] — no words hit (the family has no bare "house") and no ids hit (the family needs an "hb_" prefix)

§8 · the Gaming Board draft is STRUCK (owner ruling 2026-09-20), and the dormant recorder stays dormant
PASS 8.1 · ⛔ `docs/BOARD-DISCLOSURE-HOUSE-BOTS.md` does not exist and is not tracked — the owner ruled on 2026-09-20 that the Gaming Board needs nothing, and under D20 the statutory figures the Board receives are identical whichever account placed the stake — {"onDisk":false,"tracked":[]}
PASS 8.2.0 · POPULATION · every tracked file was read and the citations were FOUND: at least 7 files and at least 9 lines name the struck draft. A scan that found none would pass 8.2 over nothing — {"files":7,"lines":9,"where":["docs/COMPLIANCE-DECISIONS.md","docs/HOUSE-BOTS.md","plans/house-bots/01-scenario-register.md","plans/house-bots/04-amendments.md","plans/house-bots/C5-D20-REPLAN.md","plans/house-bots/PLAN.md","plans/house-bots/PROGRESS.md"]}
PASS 8.2 · ⛔ every one of the 9 citations across 7 files carries the dated strike note `STRUCK 2026-09-20` ON THE CITING LINE — nine documents named this draft as a live authority, and a reader who meets any one of them without the note rebuilds a file the owner struck — []
PASS 8.2b · POSITIVE CONTROL · the three REAL Board documents are untouched by this strike: each is on disk, each is cited in live documents of record, and NONE of those citations is reported or asked for a strike note. The guard is scoped to the struck draft's own name, not to the words "board disclosure" — [{"name":"BOARD-DISCLOSURE-KYC-AT-WITHDRAWAL","exists":true,"citingFiles":8,"reported":0},{"name":"BOARD-DISCLOSURE-B-E","exists":true,"citingFiles":18,"reported":0},{"name":"BOARD-DISCLOSURE-KYC-FIRST","exists":true,"citingFiles":7,"reported":0}]
PASS 8.2.c1 · CONTROL · the SAME measure over a copy of the citation list with the note stripped from one real line reports exactly that line; a NEWLY planted citation with no note — the shape a future session actually produces, an instruction to write the file — is reported; and the same planted citation WITH the note is not — {"stripped":["docs/COMPLIANCE-DECISIONS.md:2470"],"planted":["plans/house-bots/NEXT-SESSION.md"],"plantedMarked":0}
PASS 8.3 · ⛔ `BOARD_DISCLOSURE_SECTIONS` exists nowhere under `src/` — the constant existed only to be checked against the draft's section headings, and the owner ruling that struck the draft struck it with the draft. The pre-ruling Commit 6 extract that told a builder to add it was deleted 2026-09-26 as spent, but git history still carries that instruction, which is what this pin is for — {"src":1461,"found":[]}
PASS 8.4 · ⛔ the dormant recorder is DECLARED and UNWRITTEN: with comments stripped first, `BOARD_DISCLOSURE_RECORDED` occurs exactly TWICE in `constants.ts` (the event kind and its audit classification) and in NO source file anywhere under `src/` except the console label pinned at 8.4a — so nothing writes such an event and no action can emit one — {"src":1461,"sites":[{"rel":"src/lib/house-bot/constants.ts","n":2},{"rel":"src/lib/server/house-console-read.ts","n":1}],"elsewhere":[]}
PASS 8.4a · ⛔ the ONE occurrence outside `constants.ts` is the owner console's `CONSOLE_EVENT_WORD` label and nothing else: exactly once in `house-console-read.ts`, of the shape `KIND: "sentence"`, with no `kind:` argument and no `createEvent` naming the recorder anywhere in that file. A label is not a writer — {"label":true,"noWrite":true}
PASS 8.4b · POSITIVE CONTROL · …and it is STILL DECLARED where production needs it. The migration is APPLIED on production, so the Postgres enum holds the value; `constants.ts` mirrors it, and the table's CHECK is built from that list. A guard that demanded the NAME be absent would push the next session to delete a value the live database has, and the table's CHECK would stop matching the code — {"migration":true,"inMigration":true}
PASS 8.4.c1 · CONTROL · an event WRITE planted into a copy of the real house seam is reported by 8.4's own measure as a SECOND file, a planted `BOARD_DISCLOSURE_SECTIONS` declaration is reported by 8.3's, and a COMMENT naming the recorder in the same place is reported by NEITHER — documentation standing in for enforcement is the defect this lane just repaired, and three guards here have been fooled by prose about code — {"write":["src/lib/house-bot/constants.ts×2","src/lib/server/house-bot/seam.ts×1","src/lib/server/house-console-read.ts×1"],"comment":["src/lib/house-bot/constants.ts","src/lib/server/house-console-read.ts"],"sections":["src/lib/house-bot/constants.ts"]}

§docs · accepted risks 8–12 and 21 in both registers, risk 21's premise measured live, and the condition still unsatisfied
PASS §docs.0 · POPULATION · both registers were read and both accepted-risk slices were located and are substantial — the previous pass that 'discovered' risk 21 missing had read the numbered LIST only, and a slice that resolved to nothing would let every assertion below pass over an empty string — {"compliance":16352,"houseBots":19285}
PASS d.1 · ⛔ accepted risk 21 is in BOTH registers and the two copies are the SAME TEXT (whitespace normalised) — it existed in full in `COMPLIANCE-DECISIONS.md` with its dated ruling-503 correction and nowhere in `HOUSE-BOTS.md` §13, while §13's own preamble claimed the two files carry the same text — {"complianceChars":1616,"houseBotsChars":1616,"equal":true,"firstDivergence":null}
PASS d.2 · risks 1–20 are present by number in both registers — 8–12 (04 S5) arrived 2026-09-26 where a placeholder stood, risk 21 beside them, and none displaced another — {"compliance":[1,2,3,4,5,6,7,8,9,10,11,12,13,14,15,16,17,18,19,20],"houseBots":[1,2,3,4,5,6,7,8,9,10,11,12,13,14,15,16,17,18,19,20]}
PASS d.3 · the three do-not-restore lines are in `HOUSE-BOTS.md` §13's own section and are not weakened by risk 21's insertion — []
PASS d.4 · ⛔ risk 21's PREMISE is true TODAY, read out of the published rulebooks rather than recalled: all three sentences are present in what those pages PRINT — the one-account-per-person rule with its forfeiture clause, the yes/no rulebook's bots prohibition, and the up-down rulebook's prohibited-conduct line. A carve-out for house accounts would turn this red, and a carve-out a player can read is what D19 forbids — {"files":["src/app/legal/rules/_content-yes-no.tsx:22934","src/app/legal/rules/_content-up-down.tsx:23667"],"missing":[]}
PASS d.4.c1 · CONTROL · the same measure over a COPY of the yes-no rulebook with the bots sentence deleted reports it, and a copy with the sentence reworded ("may be used") reports it too — presence is asserted on the WORDS, so a reversal that keeps the shape is caught — the deleted and the reworded copies are both reported
PASS d.5 · ⛔ F6 §5 condition 1 is UNCHANGED and still reads "waived by owner ruling D1, not satisfied". The 2026-09-20 ruling is the owner reporting what a regulator told him; it satisfies no condition that asks for WRITTEN approval, and the one sentence a later reader could misread is pinned here word for word — {"found":true,"condition":"condition 1 (written GBT approval) is waived by owner ruling D1, not satisfied"}
PASS d.5.c1 · CONTROL · a copy of that line with "not satisfied" changed to "satisfied" no longer contains the pinned sentence, while it still contains "condition 1 (written GBT approval)" — so the pin is shown to be on the WHOLE clause and not on a prefix that survives the flip, which is the only version of this control worth having — {"flippedStillHasPrefix":true,"flippedHasClause":false}
PASS d.6 · the 2026-09-20 ruling is written in the register's OWN verbal-report form — it says Ali reports what he was told, says no document is on file, and never implies a paper from the regulator. A stranger reading it in a year cannot mistake it for a document the Board issued — {"chars":3043,"shape":true,"head":"### Owner ruling D21 (Ali, 2026-09-20) — the Gaming Board needs nothing, and the private d"}
PASS d.6.c1 · POSITIVE CONTROL · the shape test is the register's own, not one invented for this entry: D19a's existing sentence passes it unchanged, and a fabricated "a signed letter from the Gaming Board is attached" fails it — {"d19a":true,"fabricated":false}
PASS d.7 · ⛔ accepted risks 8–12 are in BOTH registers as the SAME TEXT, risk by risk (whitespace folded), each ONE line carrying its dated check against the code, in one unbroken list 7 → 13 — owed since build commit 8 (04 S5) and written 2026-09-26; risks 13, 15 and 20 show what two copies written apart become — {"risks":[{"n":8,"compliance":1665,"houseBots":1665,"same":true,"checked":true},{"n":9,"compliance":1838,"houseBots":1838,"same":true,"checked":true},{"n":10,"compliance":1395,"houseBots":1395,"same":true,"checked":true},{"n":11,"compliance":1019,"houseBots":1019,"same":true,"checked":true},{"n":12,"compliance":3531,"houseBots":3531,"same":true,"checked":true}],"contiguous":{"compliance":true,"houseBots":true},"once":["8:1/1","9:1/1","10:1/1","11:1/1","12:1/1"]}
PASS d.7b · the "⏳ never added" placeholder is gone from BOTH accepted-risk sections — a register that lists risks 8–12 AND says they are missing contradicts itself — {"compliance":false,"houseBots":false}
PASS d.1.c1 · CONTROL · risk 21 DELETED from a copy of §13 is reported, and so is a copy in which one word of it is changed — d.1 is a text equality, not a presence check, so a paraphrase that drifts from the register is caught too — {"deleted":0,"reworded":true}
PASS d.2.c1 · CONTROL · one risk number deleted from a copy of either slice is reported by d.2's measure — 9 and 12 from the range 8–12 that arrived on 2026-09-26, as 15 and 20 from 13–20 — {"compliance":[19,19],"houseBots":[19,19]}
PASS d.7.c1 · CONTROL · each way the two copies can part is reported by d.7's or d.7b's own measure: one word changed in ONE copy of risk 10 ("fails closed" → "fails open"), risk 11's line deleted from a copy of the compliance register, a blank line opened after risk 8 in a copy of §13, and the placeholder written back into a copy — and the registers themselves are never edited — {"reworded":true,"cut":true,"opened":true,"replanted":true}

FAILURES — house-bot-disclosure: 116 passed, 2 failed

!! FLOOR — test:house-bot-disclosure ran 116 assertion(s), fewer than the 118 a green run printed. Cases that stop running are not cases that pass.
