02:32:08 lock not taken here (KP_NO_LOCK=1: the chain that runs this holds it)
02:32:09 free memory: 14 GB
02:32:09 start: kipindi-a8i2-ctl at 4b754b898 on :3074
02:32:26 server up after 2s
02:32:31 routes warmed; running: npm run qa:classic-shell-parity -- --prove-red

> fiftypick@0.1.0 qa:classic-shell-parity
> node scripts/qa-classic-shell-parity.mjs --prove-red

qa:classic-shell-parity — prove-red — http://localhost:3074
  tree F:\kipindi-a8i2-ctl\ @ 4b754b89 (clean) · forks from origin/main at e7a979c6 · rollout STAFF_PREVIEW
  Chromium 147.0.7727.15

§P · the control — first on synthetic captures, then planted in the browser
  PASS P.1 identical cells differ in nothing
  PASS P.2 /account 404 → 200 is the named expected difference, not a failure — {"unexpected":[],"expected":[{"field":"status","id":"account-streams-200"}]}
  PASS P.3 …and /account 404 → 500 stays a failure (an entry is one transition, not a wildcard)
  PASS P.4 …and 404 → 200 on any other route stays a failure (the entry is scoped to /account)
  PASS P.4b /account's robots pair → 'noindex' + 'noindex, nofollow' is the named difference; another value, or the same change on the control path, stays a failure — {"robotsNamed":{"unexpected":[],"expected":[{"field":"notFound.robots","id":"account-robots-noindex"}]},"robotsOther":{"unexpected":[{"field":"notFound.robots","detail":"\"index, follow\\nnoindex\" → \"index, follow\""}],"expected":[]},"robotsElsewhere":{"unexpected":[{"field":"notFound.robots","det
  PASS P.5 a recorded substitution is expected, and a second change beside it is still caught — {"subOnly":{"unexpected":[],"expected":[{"field":"regions.footer.html","id":"control-footer-class"}]},"subPlus":{"unexpected":[{"field":"regions.footer.html","detail":"\"<footer class=\\\"pad-new\\\">x</footer>\" → \"<footer class=\\\"pad-new\\\">y</footer>\""}],"expected":[]}}
  PASS P.6 a named difference seen in part of its population is reported (§4.2), and in all or none of it is not
  PASS P.5p the visual pass's three named /positions differences — the empty state's three strings, and the boxes they draw in English and in Swahili at every width — each pass on /positions as exactly their own entry, while a second change beside any, English boxes drawn with the Swahili link, or the same change on another route stays a failure — {"markup":{"unexpected":[],"expected":[{"field":"regions.main.html","id":"positions-empty-state"}]},"markupPlus":{"unexpected":[{"field":"regions.main.html","detail":"first difference at character 446: \"break-word] text-text\\\">No open positions yet</p><p class=\\\"mt-2 text-body-sm leading-relaxed text-balance [word-break:kee\" → \"break-word] text-text\\\">No open positions</p><p class=\\\"mt-
  PASS P.6p a measured /positions layout missing beside the markup that draws it is reported (§4.2b), each one, and neither, or both in all of their cells, is not — [["positions-empty-state-layout-en","positions-empty-state"],["positions-empty-state-layout-sw","positions-empty-state"]]
  PASS P.5c S6 A8f's two named confirm differences — the receive row's four class strings, and the boxes they draw — pass in the classic confirm's place, while a second change beside either, or the same change at the other Sell place, stays a failure — {"markup":{"unexpected":[],"expected":[{"field":"regions.confirm.html","id":"sell-confirm-whole-figure"}]},"boxes":{"unexpected":[],"expected":[{"field":"regions.confirm.layout","id":"sell-confirm-receive-boxes"}]},"markupPlus":{"unexpected":[{"field":"regions.confirm.html","detail":"first difference at character 265: \"-[24px] leading-none text-text\\\">TZS 1,500</p></div><div class=\\\"grow text
  PASS P.5s S6 A8b's, A8d's and A8g's named Sell differences each pass at their own Sell place in en and in sw — A8b's free-note classes with the wrap class on /positions (sell-positions-wrap), and with the stack class on the holder block's button (sell-holder-stack) — while a second change beside either, either markup at the other place, A8b's markup alone, or either off the Sell places, stays a failure — [{"l":"en","positions":{"unexpected":[],"expected":[{"field":"regions.button.html","id":"sell-positions-wrap"}]},"holder":{"unexpected":[],"expected":[{"field":"regions.button.html","id":"sell-holder-stack"}]},"strays":[{"unexpected":[{"field":"regions.button.html","detail":"first difference at character 158: \" class=\\\"font-mono tabular-nums\\\">TZS 3,600<span class=\\\"ml-1.5 hidden opacity-80
  PASS P.5L S6 A8d's and A8g's measured Sell layouts — the holder block's stack and /positions' wrap at 360, in en and in sw — each pass as exactly their own entry at their own Sell place, while anything beside the measured text, or the same change at the other Sell place, stays a failure — [{"id":"sell-holder-stack-layout-en","named":{"unexpected":[],"expected":[{"field":"regions.button.layout","id":"sell-holder-stack-layout-en"}]},"beside":{"unexpected":[{"field":"regions.button.layout","detail":"5 of 5 element line(s) differ; first: button box 0,0,244x44 → 0,0,244x56; button style "}],"expected":[]},"elsewhere":{"unexpected":[{"field":"regions.button.layout","detail":"4 of 4 eleme
  PASS P.6s a Sell layout missing beside the served change that causes it is reported (§4.6), each one, and neither, or both in all of their cells, is not — [["sell-holder-stack-layout-en","sell-holder-stack"],["sell-holder-stack-layout-sw","sell-holder-stack"],["sell-positions-wrap-layout-en","sell-positions-wrap"],["sell-positions-wrap-layout-sw","sell-positions-wrap"],["sell-strip-whole-layout","sell-strip-whole"]]
  PASS P.5g S6 A8g's two named strip differences — the strip's class string, and the signatures and boxes it draws — pass together at both Sell places in en and in sw, in a capture and in a first paint, while a second change beside them, a note the server writes as two texts, or the same change off the Sell places stays a failure — [["en","/positions",["sell-strip-whole","sell-strip-whole-layout"],1,1,2,"sell-first-paint"],["en","/markets/:held",["sell-strip-whole","sell-strip-whole-layout"],1,1,2,"sell-first-paint"],["sw","/positions",["sell-strip-whole","sell-strip-whole-layout"],1,1,2,"sell-first-paint"],["sw","/markets/:held",["sell-strip-whole","sell-strip-whole-layout"],1,1,2,"sell-first-paint"]]
  PASS P.5f S6 A8e's first paint — the strip and the free button, on the markup a capture records — is the baseline's Sell button as today's tree draws it (sell-first-paint) at both Sell places in en and in sw, while a strip whose note the server writes as two texts, the first paint before A8e (no strip, 'Uza sasa · TZS 3,600 −0 ada') and a second change beside it stay failures; and against a baseline with a first paint of its own, the same first paint is the same and A8e's is the named transition — [["en","/positions","sell-first-paint",["regions.strip.html"],["regions.button.html","regions.strip.count","regions.strip.html"],["regions.button.html"],"same","sell-first-paint"],["en","/markets/:held","sell-first-paint",["regions.strip.html"],["regions.button.html","regions.strip.count","regions.strip.html"],["regions.button.html"],"same","sell-first-paint"],["sw","/positions","sell-first-paint"
  PASS P.7 a clean synthetic capture passes every check in §2 and §3 — {"2":[],"3":[]}
  PASS P.7d the DEV-only filter takes React's DEV measure sentence, and nothing else (another error, a longer sentence, a mark, nothing) — {"takes":[true,true],"leaves":[false,false,false,false,false]}
  PASS P.check 2.0 — a cell that did not capture turns 2.0 red, and nothing else in §2 — 2.0
  PASS P.check 2.0 — a cell missing from the matrix turns 2.0 red, and nothing else in §2 — 2.0
  PASS P.check 2.1 — a cell without its header turns 2.1 red, and nothing else in §2 — 2.1
  PASS P.check 2.1 — a cell with two rails turns 2.1 red, and nothing else in §2 — 2.1
  PASS P.check 2.2 — a cell that never settled turns 2.2 red, and nothing else in §2 — 2.2
  PASS P.check 2.3 — a viewer carrying a preview pass turns 2.3 red, and nothing else in §2 — 2.3
  PASS P.check 2.4 — a journey test id in the page turns 2.4 red, and nothing else in §2 — 2.4
  PASS P.check 2.4 — the journey flag on the page turns 2.4 red, and nothing else in §2 — 2.4
  PASS P.check 2.5 — a journey test id in the raw HTML turns 2.5 red, and nothing else in §2 — 2.5
  PASS P.check 2.5 — raw HTML that could not be read turns 2.5 red, and nothing else in §2 — 2.5
  PASS P.check 2.5 — raw HTML that is not the shell turns 2.5 red, and nothing else in §2 — 2.5
  PASS P.check 2.6 — a guest who stays on /wallet turns 2.6 red, and nothing else in §2 — 2.6
  PASS P.check 2.7 — a signed-in viewer sent to sign-in turns 2.7 red, and nothing else in §2 — 2.7
  PASS P.check 2.8 — a held viewer with the header deposit control turns 2.8 red, and nothing else in §2 — 2.8
  PASS P.check 2.8 — a player without it turns 2.8 red, and nothing else in §2 — 2.8
  PASS P.check 2.9 — an email bar drawn after its deletion, for the unconfirmed email turns 2.9 red, and nothing else in §2 — 2.9
  PASS P.check 2.9 — an email bar drawn after its deletion, for the player on another page turns 2.9 red, and nothing else in §2 — 2.9
  PASS P.check 2.10 — no rail among the overlays at 360 turns 2.10 red, and nothing else in §2 — 2.10
  PASS P.check 2.11 — a signed-in /positions without its body turns 2.11 red, and nothing else in §2 — 2.11
  PASS P.check 2.13 — a real page error filed as DEV-only (it would never be compared) turns 2.13 red, and nothing else in §2 — 2.13
  PASS P.check 3.0 — a control path answering 200 turns 3.0 red, and nothing else in §3 — 3.0
  PASS P.check 3.0 — a not-found body too short to be one, on both paths turns 3.0 red, and nothing else in §3 — 3.0
  PASS P.check 3.1 — /account with a body of its own turns 3.1 red, and nothing else in §3 — 3.1
  PASS P.check 3.2 — /account under a title of its own turns 3.2 red, and nothing else in §3 — 3.2
  PASS P.check 3.3 — /account without noindex turns 3.3 red, and nothing else in §3 — 3.3
  PASS P.check 3.4 — /account with a journey test id in the page turns 3.4 red, and nothing else in §3 — 3.4
  PASS P.check 3.5 — /account with a journey test id in its raw HTML turns 3.5 red, and nothing else in §3 — 3.5
  PASS P.check 3.6 — an account/loading file in the tree turns 3.6 red, and nothing else in §3 — 3.6
  PASS P.7s a clean synthetic Sell capture passes every check in §S — []
  PASS P.check S.0 — a seed that placed no open ticket turns S.0 red, and nothing else in §S — S.0
  PASS P.check S.0 — a Sell cell missing from the capture turns S.0 red, and nothing else in §S — S.0
  PASS P.check S.1 — a Sell cell that never settled turns S.1 red, and nothing else in §S — S.1
  PASS P.check S.1 — a Sell cell sent to sign-in turns S.1 red, and nothing else in §S — S.1
  PASS P.check S.2 — a Sell cell captured after the free window closed (no strip) turns S.2 red, and nothing else in §S — S.2
  PASS P.check S.2 — a strip whose ticking clock was not read as m:ss turns S.2 red, and nothing else in §S — S.2
  PASS P.check S.2 — a confirm cell whose dialog never opened turns S.2 red, and nothing else in §S — S.2
  PASS P.check S.2 — a confirm captured after its quote hold ran out (its gold button disabled) turns S.2 red, and nothing else in §S — S.2
  PASS P.check S.3 — a journey trace in a Sell cell turns S.3 red, and nothing else in §S — S.3
  PASS P.check S.4 — a Sell cell whose first paint was never captured turns S.4 red, and nothing else in §S — S.4
  PASS P.check S.4 — a first paint read after the page had hydrated (its scripts not held) turns S.4 red, and nothing else in §S — S.4
  PASS 1.player the demo player is signed in (a kp_session cookie in the jar)
  PASS P.guest|en|360|/ two clean captures agree — the instrument is deterministic on one server
  PASS P.guest|en|360|/ ⭐ the canvas's 64px bar in place of the kit's 56 is reported in regions.header.layout, and nowhere outside regions.header. — regions.header.layout: 32 of 52 element line(s) differ; first: header box 0,0,360x56 → 0,0,360x64
  PASS P.guest|en|360|/ ⭐ a paint-only change (the header's links turn red) is reported in regions.header.layout, and nowhere outside regions.header. — regions.header.layout: 27 of 52 element line(s) differ; first: header>div0>a0 style color: oklab(0.979997 -0.000428766 -0.0119691) → rgb(255, 0, 0)
  PASS P.guest|en|360|/ ⭐ a new fixed overlay (a 40px square over the page's corner) is reported in overlays, and nowhere outside overlays — overlays: first difference at character 3: "div[role=region][aria-label=Notifications].pointer-events-none.fixed.inset-x-0 z=18" → "div z=5\ndiv[role=region][aria-label=Notifications].pointer-events-none.fixed.inset-"
  PASS P.guest|en|360|/ ⭐ the footer's rail clearance dropped is reported in footerPaddingBottom, and nowhere outside footerPaddingBottom / regions.footer. — footerPaddingBottom: "88px" → "0px" | regions.footer.layout: 1 of 90 element line(s) differ; first: footer box 0,0,360x1127 → 0,0,360x1039; footer style padding-bottom: 88px → 0px
  PASS P.player|sw|1280|/markets two clean captures agree — the instrument is deterministic on one server
  PASS P.player|sw|1280|/markets ⭐ the canvas's 64px bar in place of the kit's 56 is reported in regions.header.layout, and nowhere outside regions.header. — regions.header.layout: 81 of 89 element line(s) differ; first: header box 0,0,1280x56 → 0,0,1280x64
  PASS P.player|sw|1280|/markets ⭐ a paint-only change (the header's links turn red) is reported in regions.header.layout, and nowhere outside regions.header. — regions.header.layout: 30 of 89 element line(s) differ; first: header>div0>a0 style color: oklab(0.979997 -0.000428766 -0.0119691) → rgb(255, 0, 0)
  PASS P.player|sw|1280|/markets ⭐ a new fixed overlay (a 40px square over the page's corner) is reported in overlays, and nowhere outside overlays — overlays: "div[role=presentation] z=45" → "div z=5\ndiv[role=presentation] z=45"
  PASS P.player|en|360|/positions two clean captures agree — the instrument is deterministic on one server
  PASS P.player|en|360|/positions ⭐ the canvas's 64px bar in place of the kit's 56 is reported in regions.header.layout, and nowhere outside regions.header. — regions.header.layout: 55 of 89 element line(s) differ; first: header box 0,0,360x56 → 0,0,360x64
  PASS P.player|en|360|/positions ⭐ a paint-only change (the header's links turn red) is reported in regions.header.layout, and nowhere outside regions.header. — regions.header.layout: 30 of 89 element line(s) differ; first: header>div0>a0 style color: oklab(0.979997 -0.000428766 -0.0119691) → rgb(255, 0, 0)
  PASS P.player|en|360|/positions ⭐ a new fixed overlay (a 40px square over the page's corner) is reported in overlays, and nowhere outside overlays — overlays: first difference at character 3: "div[role=presentation] z=45\ndiv[role=region][aria-label=Notifications].pointer-even" → "div z=5\ndiv[role=presentation] z=45\ndiv[role=region][aria-label=Notifications].poin"
  PASS P.player|en|360|/positions ⭐ the footer's rail clearance dropped is reported in footerPaddingBottom, and nowhere outside footerPaddingBottom / regions.footer. — footerPaddingBottom: "88px" → "0px" | regions.footer.layout: 1 of 93 element line(s) differ; first: footer box 0,0,360x1171 → 0,0,360x1083; footer style padding-bottom: 88px → 0px
  PASS P.sell the demo player is given an open ticket through the real money paths
  PASS P.sell|sw|360|/markets/:held two clean captures of a Sell cell agree, inside the free window (the strip's clock read as m:ss), the classic confirm captured inside its quote hold — strip 1 · button 1 · confirm 1
  PASS P.sell|sw|360|/markets/:held two first paints of a Sell cell agree — every script held, nothing hydrated, the page's Sell button in both (S6 A8e)
  PASS P.sell|sw|360|/markets/:held ⭐ the holder block's first paint, its letters spaced out (S6 A8e) is reported in regions.button.layout, and nowhere outside regions.button. — regions.button.layout: 4 of 4 element line(s) differ; first: button style letter-spacing: 0.07px → 2px
  PASS P.sell|sw|360|/markets/:held ⭐ the holder block's Sell button letters spaced out is reported in regions.button.layout, and nowhere outside regions.button. — regions.button.layout: 4 of 4 element line(s) differ; first: button style letter-spacing: 0.07px → 2px
  PASS P.sell|sw|360|/markets/:held ⭐ the holder block's free strip re-inked is reported in regions.strip.layout, and nowhere outside regions.strip. — regions.strip.layout: 1 of 4 element line(s) differ; first: div style color: oklab(0.979997 -0.000428766 -0.0119691) → rgb(255, 0, 0)
  PASS P.sell|sw|360|/markets/:held ⭐ the classic confirm's words spaced out is reported in regions.confirm.layout, and nowhere outside regions.confirm. — regions.confirm.layout: 12 of 34 element line(s) differ; first: div>div1>div0>div0>p0 style letter-spacing: 1.4px → 2px
  PASS P.sell|en|1280|/positions two clean captures of a Sell cell agree, inside the free window (the strip's clock read as m:ss) — strip 1 · button 1 · confirm -
  PASS P.sell|en|1280|/positions two first paints of a Sell cell agree — every script held, nothing hydrated, the page's Sell button in both (S6 A8e)
  PASS P.sell|en|1280|/positions ⭐ the /positions card's Sell button letters spaced out is reported in regions.button.layout, and nowhere outside regions.button. — regions.button.layout: 4 of 4 element line(s) differ; first: button style letter-spacing: 0.07px → 2px
  PASS P.sell|en|1280|/positions ⭐ the /positions card's free strip re-inked is reported in regions.strip.layout, and nowhere outside regions.strip. — regions.strip.layout: 1 of 4 element line(s) differ; first: div style color: oklab(0.979997 -0.000428766 -0.0119691) → rgb(255, 0, 0)

83/83 passed — prove-red · tree 4b754b89 · 169s
02:35:23 command exit=0
02:35:25 server stopped (left: 0)
