17:11:15 waiting for wm2-chain.done
20:39:04 wm2-chain.done is there: exit=0
20:39:05 queued: wait note written
20:39:05 waiting (owner: marketing-s14 step54-heavy since 2026-10-08T19:56:58Z pid 400822; queue: asheib-c5 vodacom: wm3-chain queued since 2026-10-08T20:39:05Z)
20:44:11 waiting (owner: marketing-s14 step54-heavy since 2026-10-08T19:56:58Z pid 400822; queue: asheib-c5 vodacom: wm3-chain queued since 2026-10-08T20:39:05Z)
20:49:16 waiting (owner: marketing-s14 step54-heavy since 2026-10-08T19:56:58Z pid 400822; queue: asheib-c5 vodacom: wm3-chain queued since 2026-10-08T20:39:05Z)
20:54:20 waiting (owner: marketing-s14 step54-heavy since 2026-10-08T19:56:58Z pid 400822; queue: asheib-c5 vodacom: wm3-chain queued since 2026-10-08T20:39:05Z)
20:59:23 waiting (owner: marketing-s14 step54-heavy since 2026-10-08T19:56:58Z pid 400822; queue: asheib-c5 vodacom: wm3-chain queued since 2026-10-08T20:39:05Z)
21:04:27 waiting (owner: marketing-s14 step54-heavy since 2026-10-08T19:56:58Z pid 400822; queue: asheib-c5 vodacom: wm3-chain queued since 2026-10-08T20:39:05Z)
21:09:30 waiting (owner: marketing-s14 step54-heavy since 2026-10-08T19:56:58Z pid 400822; queue: asheib-c5 vodacom: wm3-chain queued since 2026-10-08T20:39:05Z)
21:14:33 waiting (owner: marketing-s14 step54-heavy since 2026-10-08T19:56:58Z pid 400822; queue: asheib-c5 vodacom: wm3-chain queued since 2026-10-08T20:39:05Z)
21:19:36 waiting (owner: marketing-s14 step54-heavy since 2026-10-08T19:56:58Z pid 400822; queue: asheib-c5 vodacom: wm3-chain queued since 2026-10-08T20:39:05Z)
21:24:51 waiting (owner: marketing-s14 step54-heavy since 2026-10-08T19:56:58Z pid 400822; queue: asheib-c5 vodacom: wm3-chain queued since 2026-10-08T20:39:05Z)
21:29:54 waiting (owner: marketing-s14 step54-heavy since 2026-10-08T19:56:58Z pid 400822; queue: asheib-c5 vodacom: wm3-chain queued since 2026-10-08T20:39:05Z)
21:34:57 waiting (owner: marketing-s14 step54-heavy since 2026-10-08T19:56:58Z pid 400822; queue: asheib-c5 vodacom: wm3-chain queued since 2026-10-08T20:39:05Z)
21:40:00 waiting (owner: marketing-s14 step54-heavy since 2026-10-08T19:56:58Z pid 400822; queue: asheib-c5 vodacom: wm3-chain queued since 2026-10-08T20:39:05Z)
21:45:04 waiting (owner: marketing-s14 step54-heavy since 2026-10-08T19:56:58Z pid 400822; queue: asheib-c5 vodacom: wm3-chain queued since 2026-10-08T20:39:05Z)
21:50:07 waiting (owner: marketing-s14 step54-drive (diagnose and rerun the live-page drive; the follow-up of step54-heavy inside the same hold, agreed with asheib-87 at 21:50Z) since 2026-10-08T21:47:19Z until 22:45Z; queue: asheib-c5 vodacom: wm3-chain queued since 2026-10-08T20:39:05Z)
21:55:10 waiting (owner: marketing-s14 step54-drive (diagnose and rerun the live-page drive; the follow-up of step54-heavy inside the same hold, agreed with asheib-87 at 21:50Z) since 2026-10-08T21:47:19Z until 22:45Z; queue: asheib-c5 vodacom: wm3-chain queued since 2026-10-08T20:39:05Z)
22:00:14 waiting (owner: marketing-s14 step54-drive (diagnose and rerun the live-page drive; the follow-up of step54-heavy inside the same hold, agreed with asheib-87 at 21:50Z) since 2026-10-08T21:47:19Z until 22:45Z; queue: asheib-c5 vodacom: wm3-chain queued since 2026-10-08T20:39:05Z)
22:05:17 waiting (owner: marketing-s14 step54-drive (diagnose and rerun the live-page drive; the follow-up of step54-heavy inside the same hold, agreed with asheib-87 at 21:50Z) since 2026-10-08T21:47:19Z until 22:45Z; queue: asheib-c5 vodacom: wm3-chain queued since 2026-10-08T20:39:05Z)
22:10:20 waiting (owner: marketing-s14 step54-drive (diagnose and rerun the live-page drive; the follow-up of step54-heavy inside the same hold, agreed with asheib-87 at 21:50Z) since 2026-10-08T21:47:19Z until 22:45Z; queue: asheib-c5 vodacom: wm3-chain queued since 2026-10-08T20:39:05Z)
22:15:24 waiting (owner: marketing-s14 step54-drive (diagnose and rerun the live-page drive; the follow-up of step54-heavy inside the same hold, agreed with asheib-87 at 21:50Z) since 2026-10-08T21:47:19Z until 22:45Z; queue: asheib-c5 vodacom: wm3-chain queued since 2026-10-08T20:39:05Z)
22:20:27 waiting (owner: marketing-s14 step54-drive (diagnose and rerun the live-page drive; the follow-up of step54-heavy inside the same hold, agreed with asheib-87 at 21:50Z) since 2026-10-08T21:47:19Z until 22:45Z; queue: asheib-c5 vodacom: wm3-chain queued since 2026-10-08T20:39:05Z)
22:25:31 waiting (owner: marketing-s14 step54-drive (diagnose and rerun the live-page drive; the follow-up of step54-heavy inside the same hold, agreed with asheib-87 at 21:50Z) since 2026-10-08T21:47:19Z until 22:45Z; queue: asheib-c5 vodacom: wm3-chain queued since 2026-10-08T20:39:05Z)
